-----------------------------
Volume-Duration Analysis
   30 Jan 2017   12:49 PM
-----------------------------


--- Input Data ---

Analysis Name: Liard_Freq
Description: 

Data Set Name: Liard-FLOW-DAY
DSS File Name: C:\Users\rgpike\HEC_FOLDERS_CARL\LIARD\LIARD.dss
DSS Pathname: ///FLOW-DAY//1DAY//

Project Path: C:\Users\rgpike\HEC_FOLDERS_CARL\LIARD
Report File Name: C:\Users\rgpike\HEC_FOLDERS_CARL\LIARD\VolumeFrequencyAnalysisResults\Liard_Freq\Liard_Freq.rpt
Result File Name: C:\Users\rgpike\HEC_FOLDERS_CARL\LIARD\VolumeFrequencyAnalysisResults\Liard_Freq\Liard_Freq.xml

Analyze Minimums

Analysis Year: Calendar Year

Record Start Date: 01 Jan 1966
Record End Date:   31 Dec 2015


User-Specified Durations
   Duration:   1 day
   Duration:   3 days
   Duration:   7 days
   Duration:  15 days
   Duration:  30 days

Plotting Position Type: Weibull

Probability Distribution Type: Pearson Type III
Use Log Transform
Compute Expected Probability Curve

Upper Confidence Level: 0.05
Lower Confidence Level: 0.95

Use Default Frequencies

Skew Option: Use Station Skew

Display ordinate values using 3 digits in fraction part of value

--- End of Input Data ---




====================================================================
Statistical Analysis of 1-day Minimum values
====================================================================

Note: Data are missing for all or part of 0 years in analysis period.


Warning: 1 events occur in first 6 days of analysis year for 1-day duration.

Suggest reviewing data and changing the year/season specification on the General tab to capture independent max/min volumes.


-----------------------
<< High Outlier Test >>
-----------------------
 Based on 50 events, 10 percent outlier test deviate K(N) = 2.768
                      Computed high outlier test value = 382.4899

        0 high outlier(s) identified above test value of 382.4899


----------------------
<< Low Outlier Test >>
----------------------
 Based on 50 events, 10 percent outlier test deviate K(N) = 2.768
                       Computed low outlier test value = 122.0259

         0 low outlier(s) identified below test value of 122.0259





--- Final Results ---

<< Plotting Positions >>
Liard-FLOW-DAY (1-day Min)
--------------------------------------------------------------------
|     Events Analyzed       |            Ordered Events            |
|                     FLOW  |       Calendar        FLOW  Weibull  |
| Day Mon Year         cms  |  Rank     Year         cms  Plot Pos |
|---------------------------|--------------------------------------|
|  21 Mar 1966     125.000  |    1      2010     316.000   98.04   |
|  19 Apr 1967     221.000  |    2      2009     301.000   96.08   |
|  06 Apr 1968     204.000  |    3      2006     300.000   94.12   |
|  30 Mar 1969     157.000  |    4      2007     297.000   92.16   |
|  22 Mar 1970     205.000  |    5      2015     283.000   90.20   |
|  26 Mar 1971     175.000  |    6      2003     272.000   88.24   |
|  07 Mar 1972     157.000  |    7      1987     267.000   86.27   |
|  17 Mar 1973     156.000  |    8      2014     261.000   84.31   |
|  14 Mar 1974     159.000  |    9      1993     260.000   82.35   |
|  29 Mar 1975     194.000  |   10      2013     256.000   80.39   |
|  07 Apr 1976     221.000  |   11      2012     256.000   78.43   |
|  24 Mar 1977     231.000  |   12      2004     256.000   76.47   |
|  06 Apr 1978     205.000  |   13      1992     252.000   74.51   |
|  01 Mar 1979     201.000  |   14      1988     250.000   72.55   |
|  09 Apr 1980     241.000  |   15      2000     246.000   70.59   |
|  20 Apr 1981     231.000  |   16      2005     243.000   68.63   |
|  29 Mar 1982     155.000  |   17      2011     241.000   66.67   |
|  12 Apr 1983     181.000  |   18      1980     241.000   64.71   |
|  18 Jan 1984     179.000  |   19      2001     234.000   62.75   |
|  27 Mar 1985     180.000  |   20      2008     233.000   60.78   |
|  24 Mar 1986     210.000  |   21      1991     233.000   58.82   |
|  28 Mar 1987     267.000  |   22      1981     231.000   56.86   |
|  11 Apr 1988     250.000  |   23      1977     231.000   54.90   |
|  27 Mar 1989     181.000  |   24      1995     230.000   52.94   |
|  21 Feb 1990     204.000  |   25      2002     229.000   50.98   |
|  16 Mar 1991     233.000  |   26      1976     221.000   49.02   |
|  11 Feb 1992     252.000  |   27      1967     221.000   47.06   |
|  22 Mar 1993     260.000  |   28      1996     210.000   45.10   |
|  24 Mar 1994     165.000  |   29      1986     210.000   43.14   |
|  16 Feb 1995     230.000  |   30      1978     205.000   41.18   |
|  30 Jan 1996     210.000  |   31      1970     205.000   39.22   |
|  21 Mar 1997     177.000  |   32      1990     204.000   37.25   |
|  05 Jan 1998     190.000  |   33      1968     204.000   35.29   |
|  08 Mar 1999     193.000  |   34      1979     201.000   33.33   |
|  11 Apr 2000     246.000  |   35      1975     194.000   31.37   |
|  11 Apr 2001     234.000  |   36      1999     193.000   29.41   |
|  10 Apr 2002     229.000  |   37      1998     190.000   27.45   |
|  18 Apr 2003     272.000  |   38      1989     181.000   25.49   |
|  27 Mar 2004     256.000  |   39      1983     181.000   23.53   |
|  25 Mar 2005     243.000  |   40      1985     180.000   21.57   |
|  17 Mar 2006     300.000  |   41      1984     179.000   19.61   |
|  27 Mar 2007     297.000  |   42      1997     177.000   17.65   |
|  23 Apr 2008     233.000  |   43      1971     175.000   15.69   |
|  31 Dec 2009     301.000  |   44      1994     165.000   13.73   |
|  31 Dec 2010     316.000  |   45      1974     159.000   11.76   |
|  29 Mar 2011     241.000  |   46      1972     157.000    9.80   |
|  06 Apr 2012     256.000  |   47      1969     157.000    7.84   |
|  09 Apr 2013     256.000  |   48      1973     156.000    5.88   |
|  03 Apr 2014     261.000  |   49      1982     155.000    3.92   |
|  01 Apr 2015     283.000  |   50      1966     125.000    1.96   |
|---------------------------|--------------------------------------|



<< Skew Weighting >>
-----------------------------------------------------------------
Based on 50 events, mean-square error of station skew =     0.128
Mean-square error of regional skew is undefined.
-----------------------------------------------------------------


<< Frequency Curve >>
Liard-FLOW-DAY (1-day Min)
-------------------------------------------------------------------
|  Computed    Expected   |   Percent   |    Confidence Limits    |
|    Curve    Probability | Chance Non- |        0.05        0.95 |
|        FLOW, cms        | Exceedance  |        FLOW, cms        |
|-------------------------|-------------|-------------------------|
|     330.115     335.131 |     99.0    |     364.586     306.187 |
|     296.513     298.875 |     95.0    |     321.777     278.188 |
|     278.805     280.247 |     90.0    |     299.793     263.069 |
|     257.695     258.427 |     80.0    |     274.248     244.578 |
|     218.775     218.775 |     50.0    |     229.782     208.444 |
|     182.450     181.780 |     20.0    |     192.151     171.585 |
|     164.720     163.506 |     10.0    |     174.821     152.831 |
|     150.799     148.990 |      5.0    |     161.438     138.014 |
|     135.952     133.225 |      2.0    |     147.241     122.271 |
|     126.554     123.101 |      1.0    |     138.245     112.387 |
|     118.311     114.091 |      0.5    |     130.327     103.792 |
|     108.784     103.565 |      0.2    |     121.125      93.967 |
|-------------------------|-------------|-------------------------|


<< Systematic Statistics >>
Liard-FLOW-DAY (1-day Min)
----------------------------------------------------------------
|        Log Transform:        |                               |
|          FLOW, cms           |       Number of Events        |
|------------------------------|-------------------------------|
|  Mean                 2.335  |  Historic Events           0  |
|  Standard Dev         0.090  |  High Outliers          0     |
|  Station Skew        -0.366  |  Low Outliers           0     |
|  Regional Skew          ---  |  Zero Events            0     |
|  Weighted Skew          ---  |  Missing Events         0     |
|  Adopted Skew        -0.366  |  Systematic Events        50  |
|------------------------------|-------------------------------|

--- End of Analytical Frequency Curve ---

Note: No ordinates specified for graphical frequency curve




====================================================================
Statistical Analysis of 3-day Minimum values
====================================================================

Note: Data are missing for all or part of 1 years in analysis period.



-----------------------
<< High Outlier Test >>
-----------------------
 Based on 50 events, 10 percent outlier test deviate K(N) = 2.768
                      Computed high outlier test value = 383.6514

        0 high outlier(s) identified above test value of 383.6514


----------------------
<< Low Outlier Test >>
----------------------
 Based on 50 events, 10 percent outlier test deviate K(N) = 2.768
                       Computed low outlier test value = 122.4188

         0 low outlier(s) identified below test value of 122.4188





--- Final Results ---

<< Plotting Positions >>
Liard-FLOW-DAY (3-day Min)
--------------------------------------------------------------------
|     Events Analyzed       |            Ordered Events            |
|                     FLOW  |       Calendar        FLOW  Weibull  |
| Day Mon Year         cms  |  Rank     Year         cms  Plot Pos |
|---------------------------|--------------------------------------|
|  23 Mar 1966     125.000  |    1      2010     317.000   98.04   |
|  21 Apr 1967     221.000  |    2      2009     302.333   96.08   |
|  08 Apr 1968     204.000  |    3      2006     300.667   94.12   |
|  31 Mar 1969     157.333  |    4      2007     297.000   92.16   |
|  24 Mar 1970     205.000  |    5      2015     283.667   90.20   |
|  28 Mar 1971     175.333  |    6      2003     273.667   88.24   |
|  07 Mar 1972     157.667  |    7      1987     267.333   86.27   |
|  19 Mar 1973     156.000  |    8      1993     262.667   84.31   |
|  16 Mar 1974     159.000  |    9      2014     261.333   82.35   |
|  31 Mar 1975     194.000  |   10      2004     257.333   80.39   |
|  08 Apr 1976     221.333  |   11      2013     256.000   78.43   |
|  25 Mar 1977     231.667  |   12      2012     256.000   76.47   |
|  07 Apr 1978     205.667  |   13      1992     255.000   74.51   |
|  02 Mar 1979     201.667  |   14      1988     250.333   72.55   |
|  11 Apr 1980     241.667  |   15      2000     246.333   70.59   |
|  21 Apr 1981     231.333  |   16      2005     243.333   68.63   |
|  30 Mar 1982     155.667  |   17      1980     241.667   66.67   |
|  12 Apr 1983     182.000  |   18      2011     241.000   64.71   |
|  19 Jan 1984     180.333  |   19      2001     235.000   62.75   |
|  28 Mar 1985     180.667  |   20      1991     234.333   60.78   |
|  25 Mar 1986     210.667  |   21      2008     233.667   58.82   |
|  29 Mar 1987     267.333  |   22      1977     231.667   56.86   |
|  12 Apr 1988     250.333  |   23      1981     231.333   54.90   |
|  27 Mar 1989     182.000  |   24      1995     230.000   52.94   |
|  23 Feb 1990     204.667  |   25      2002     229.667   50.98   |
|  08 Apr 1991     234.333  |   26      1976     221.333   49.02   |
|  11 Feb 1992     255.000  |   27      1967     221.000   47.06   |
|  18 Mar 1993     262.667  |   28      1996     210.667   45.10   |
|  25 Mar 1994     166.000  |   29      1986     210.667   43.14   |
|  23 Feb 1995     230.000  |   30      1978     205.667   41.18   |
|  31 Jan 1996     210.667  |   31      1970     205.000   39.22   |
|  04 Apr 1997     177.667  |   32      1990     204.667   37.25   |
|  15 Mar 1998     193.000  |   33      1968     204.000   35.29   |
|  09 Mar 1999     193.667  |   34      1979     201.667   33.33   |
|  12 Apr 2000     246.333  |   35      1975     194.000   31.37   |
|  12 Apr 2001     235.000  |   36      1999     193.667   29.41   |
|  11 Apr 2002     229.667  |   37      1998     193.000   27.45   |
|  19 Apr 2003     273.667  |   38      1989     182.000   25.49   |
|  28 Mar 2004     257.333  |   39      1983     182.000   23.53   |
|  27 Mar 2005     243.333  |   40      1985     180.667   21.57   |
|  17 Mar 2006     300.667  |   41      1984     180.333   19.61   |
|  29 Mar 2007     297.000  |   42      1997     177.667   17.65   |
|  24 Apr 2008     233.667  |   43      1971     175.333   15.69   |
|  31 Dec 2009     302.333  |   44      1994     166.000   13.73   |
|  31 Dec 2010     317.000  |   45      1974     159.000   11.76   |
|  31 Mar 2011     241.000  |   46      1972     157.667    9.80   |
|  08 Apr 2012     256.000  |   47      1969     157.333    7.84   |
|  11 Apr 2013     256.000  |   48      1973     156.000    5.88   |
|  04 Apr 2014     261.333  |   49      1982     155.667    3.92   |
|  02 Apr 2015     283.667  |   50      1966     125.000    1.96   |
|---------------------------|--------------------------------------|



<< Skew Weighting >>
-----------------------------------------------------------------
Based on 50 events, mean-square error of station skew =     0.129
Mean-square error of regional skew is undefined.
-----------------------------------------------------------------


<< Frequency Curve >>
Liard-FLOW-DAY (3-day Min)
-------------------------------------------------------------------
|  Computed    Expected   |   Percent   |    Confidence Limits    |
|    Curve    Probability | Chance Non- |        0.05        0.95 |
|        FLOW, cms        | Exceedance  |        FLOW, cms        |
|-------------------------|-------------|-------------------------|
|     330.789     335.779 |     99.0    |     365.261     306.851 |
|     297.297     299.654 |     95.0    |     322.602     278.939 |
|     279.612     281.053 |     90.0    |     300.650     263.837 |
|     258.502     259.234 |     80.0    |     275.105     245.345 |
|     219.508     219.508 |     50.0    |     230.552     209.145 |
|     183.044     182.370 |     20.0    |     192.774     172.147 |
|     165.226     164.005 |     10.0    |     175.358     153.300 |
|     151.228     149.409 |      5.0    |     161.901     138.401 |
|     136.294     133.549 |      2.0    |     147.621     122.565 |
|     126.838     123.362 |      1.0    |     138.569     112.621 |
|     118.542     114.295 |      0.5    |     130.601     103.974 |
|     108.955     103.702 |      0.2    |     121.340      94.087 |
|-------------------------|-------------|-------------------------|


<< Systematic Statistics >>
Liard-FLOW-DAY (3-day Min)
----------------------------------------------------------------
|        Log Transform:        |                               |
|          FLOW, cms           |       Number of Events        |
|------------------------------|-------------------------------|
|  Mean                 2.336  |  Historic Events           0  |
|  Standard Dev         0.090  |  High Outliers          0     |
|  Station Skew        -0.373  |  Low Outliers           0     |
|  Regional Skew          ---  |  Zero Events            0     |
|  Weighted Skew          ---  |  Missing Events         0     |
|  Adopted Skew        -0.373  |  Systematic Events        50  |
|------------------------------|-------------------------------|

--- End of Analytical Frequency Curve ---

Note: No ordinates specified for graphical frequency curve




====================================================================
Statistical Analysis of 7-day Minimum values
====================================================================

Note: Data are missing for all or part of 1 years in analysis period.



-----------------------
<< High Outlier Test >>
-----------------------
 Based on 50 events, 10 percent outlier test deviate K(N) = 2.768
                      Computed high outlier test value = 386.1926

        0 high outlier(s) identified above test value of 386.1926


----------------------
<< Low Outlier Test >>
----------------------
 Based on 50 events, 10 percent outlier test deviate K(N) = 2.768
                       Computed low outlier test value = 123.1531

         0 low outlier(s) identified below test value of 123.1531





--- Final Results ---

<< Plotting Positions >>
Liard-FLOW-DAY (7-day Min)
--------------------------------------------------------------------
|     Events Analyzed       |            Ordered Events            |
|                     FLOW  |       Calendar        FLOW  Weibull  |
| Day Mon Year         cms  |  Rank     Year         cms  Plot Pos |
|---------------------------|--------------------------------------|
|  25 Mar 1966     125.286  |    1      2010     318.286   98.04   |
|  22 Apr 1967     221.429  |    2      2009     303.000   96.08   |
|  12 Apr 1968     204.000  |    3      2006     301.000   94.12   |
|  03 Apr 1969     158.429  |    4      2007     297.429   92.16   |
|  27 Mar 1970     206.000  |    5      2015     285.286   90.20   |
|  30 Mar 1971     176.286  |    6      2003     276.571   88.24   |
|  10 Mar 1972     158.143  |    7      1987     267.857   86.27   |
|  22 Mar 1973     156.429  |    8      1992     267.571   84.31   |
|  18 Mar 1974     159.857  |    9      1993     264.429   82.35   |
|  04 Apr 1975     194.000  |   10      2014     261.714   80.39   |
|  09 Apr 1976     222.571  |   11      2004     259.571   78.43   |
|  27 Mar 1977     233.429  |   12      2013     256.857   76.47   |
|  11 Apr 1978     205.857  |   13      2012     256.286   74.51   |
|  03 Mar 1979     203.000  |   14      1988     251.429   72.55   |
|  14 Apr 1980     243.143  |   15      2000     247.000   70.59   |
|  23 Apr 1981     232.714  |   16      2005     245.571   68.63   |
|  01 Apr 1982     156.714  |   17      1980     243.143   66.67   |
|  14 Apr 1983     183.429  |   18      2011     241.000   64.71   |
|  22 Jan 1984     182.571  |   19      1991     236.571   62.75   |
|  29 Mar 1985     182.000  |   20      2001     236.429   60.78   |
|  26 Mar 1986     212.286  |   21      2008     235.286   58.82   |
|  02 Apr 1987     267.857  |   22      1977     233.429   56.86   |
|  14 Apr 1988     251.429  |   23      1981     232.714   54.90   |
|  28 Mar 1989     184.571  |   24      2002     230.714   52.94   |
|  24 Feb 1990     206.714  |   25      1995     230.429   50.98   |
|  09 Apr 1991     236.571  |   26      1976     222.571   49.02   |
|  13 Feb 1992     267.571  |   27      1967     221.429   47.06   |
|  22 Mar 1993     264.429  |   28      1996     213.143   45.10   |
|  27 Mar 1994     167.143  |   29      1986     212.286   43.14   |
|  22 Feb 1995     230.429  |   30      1990     206.714   41.18   |
|  01 Feb 1996     213.143  |   31      1970     206.000   39.22   |
|  06 Apr 1997     179.429  |   32      1978     205.857   37.25   |
|  17 Mar 1998     194.286  |   33      1968     204.000   35.29   |
|  12 Mar 1999     195.000  |   34      1979     203.000   33.33   |
|  13 Apr 2000     247.000  |   35      1999     195.000   31.37   |
|  13 Apr 2001     236.429  |   36      1998     194.286   29.41   |
|  13 Apr 2002     230.714  |   37      1975     194.000   27.45   |
|  19 Apr 2003     276.571  |   38      1989     184.571   25.49   |
|  30 Mar 2004     259.571  |   39      1983     183.429   23.53   |
|  29 Mar 2005     245.571  |   40      1984     182.571   21.57   |
|  19 Mar 2006     301.000  |   41      1985     182.000   19.61   |
|  11 Apr 2007     297.429  |   42      1997     179.429   17.65   |
|  25 Apr 2008     235.286  |   43      1971     176.286   15.69   |
|  31 Dec 2009     303.000  |   44      1994     167.143   13.73   |
|  31 Dec 2010     318.286  |   45      1974     159.857   11.76   |
|  04 Apr 2011     241.000  |   46      1969     158.429    9.80   |
|  11 Apr 2012     256.286  |   47      1972     158.143    7.84   |
|  13 Apr 2013     256.857  |   48      1982     156.714    5.88   |
|  04 Apr 2014     261.714  |   49      1973     156.429    3.92   |
|  04 Apr 2015     285.286  |   50      1966     125.286    1.96   |
|---------------------------|--------------------------------------|



<< Skew Weighting >>
-----------------------------------------------------------------
Based on 50 events, mean-square error of station skew =      0.13
Mean-square error of regional skew is undefined.
-----------------------------------------------------------------


<< Frequency Curve >>
Liard-FLOW-DAY (7-day Min)
-------------------------------------------------------------------
|  Computed    Expected   |   Percent   |    Confidence Limits    |
|    Curve    Probability | Chance Non- |        0.05        0.95 |
|        FLOW, cms        | Exceedance  |        FLOW, cms        |
|-------------------------|-------------|-------------------------|
|     332.180     337.113 |     99.0    |     366.672     308.210 |
|     298.929     301.276 |     95.0    |     324.338     280.488 |
|     281.293     282.730 |     90.0    |     302.450     265.425 |
|     260.176     260.909 |     80.0    |     276.898     246.926 |
|     221.009     221.009 |     50.0    |     232.139     210.572 |
|     184.225     183.543 |     20.0    |     194.020     173.256 |
|     166.206     164.969 |     10.0    |     176.407     154.198 |
|     152.035     150.192 |      5.0    |     162.785     139.115 |
|     136.904     134.121 |      2.0    |     148.315     123.073 |
|     127.318     123.794 |      1.0    |     139.139     112.996 |
|     118.908     114.600 |      0.5    |     131.058     104.231 |
|     109.186     103.859 |      0.2    |     121.664      94.212 |
|-------------------------|-------------|-------------------------|


<< Systematic Statistics >>
Liard-FLOW-DAY (7-day Min)
----------------------------------------------------------------
|        Log Transform:        |                               |
|          FLOW, cms           |       Number of Events        |
|------------------------------|-------------------------------|
|  Mean                 2.339  |  Historic Events           0  |
|  Standard Dev         0.090  |  High Outliers          0     |
|  Station Skew        -0.388  |  Low Outliers           0     |
|  Regional Skew          ---  |  Zero Events            0     |
|  Weighted Skew          ---  |  Missing Events         0     |
|  Adopted Skew        -0.388  |  Systematic Events        50  |
|------------------------------|-------------------------------|

--- End of Analytical Frequency Curve ---

Note: No ordinates specified for graphical frequency curve




====================================================================
Statistical Analysis of 15-day Minimum values
====================================================================

Note: Data are missing for all or part of 1 years in analysis period.


Warning: 2 events occur in first 20 days of analysis year for 15-day duration.

Suggest reviewing data and changing the year/season specification on the General tab to capture independent max/min volumes.


-----------------------
<< High Outlier Test >>
-----------------------
 Based on 50 events, 10 percent outlier test deviate K(N) = 2.768
                        Computed high outlier test value = 389.08

          0 high outlier(s) identified above test value of 389.08


----------------------
<< Low Outlier Test >>
----------------------
 Based on 50 events, 10 percent outlier test deviate K(N) = 2.768
                       Computed low outlier test value = 124.8174

         0 low outlier(s) identified below test value of 124.8174





--- Final Results ---

<< Plotting Positions >>
Liard-FLOW-DAY (15-day Min)
--------------------------------------------------------------------
|     Events Analyzed       |            Ordered Events            |
|                     FLOW  |       Calendar        FLOW  Weibull  |
| Day Mon Year         cms  |  Rank     Year         cms  Plot Pos |
|---------------------------|--------------------------------------|
|  27 Mar 1966     126.000  |    1      2010     311.867   98.04   |
|  25 Apr 1967     222.267  |    2      2009     304.600   96.08   |
|  15 Apr 1968     204.933  |    3      2006     302.467   94.12   |
|  04 Apr 1969     161.467  |    4      2007     298.400   92.16   |
|  05 Apr 1970     206.800  |    5      2015     289.333   90.20   |
|  04 Apr 1971     180.000  |    6      2003     281.733   88.24   |
|  18 Mar 1972     159.200  |    7      1992     280.800   86.27   |
|  23 Mar 1973     157.733  |    8      1987     269.667   84.31   |
|  09 Apr 1974     162.467  |    9      1993     265.733   82.35   |
|  08 Apr 1975     194.600  |   10      2004     264.200   80.39   |
|  10 Apr 1976     223.200  |   11      2014     262.467   78.43   |
|  05 Apr 1977     236.733  |   12      2013     259.333   76.47   |
|  13 Apr 1978     206.733  |   13      2012     257.533   74.51   |
|  07 Mar 1979     205.667  |   14      1988     254.867   72.55   |
|  16 Apr 1980     246.467  |   15      2000     250.800   70.59   |
|  23 Apr 1981     234.400  |   16      2005     249.733   68.63   |
|  03 Apr 1982     158.533  |   17      1980     246.467   66.67   |
|  12 Apr 1983     184.667  |   18      2011     241.400   64.71   |
|  20 Jan 1984     183.533  |   19      2008     239.533   62.75   |
|  31 Mar 1985     184.933  |   20      1991     238.000   60.78   |
|  16 Mar 1986     215.800  |   21      2001     237.733   58.82   |
|  09 Apr 1987     269.667  |   22      1977     236.733   56.86   |
|  14 Apr 1988     254.867  |   23      1981     234.400   54.90   |
|  28 Mar 1989     185.800  |   24      2002     233.200   52.94   |
|  25 Feb 1990     208.400  |   25      1995     230.933   50.98   |
|  25 Mar 1991     238.000  |   26      1976     223.200   49.02   |
|  14 Feb 1992     280.800  |   27      1967     222.267   47.06   |
|  28 Mar 1993     265.733  |   28      1996     220.267   45.10   |
|  20 Feb 1994     170.133  |   29      1986     215.800   43.14   |
|  28 Feb 1995     230.933  |   30      1990     208.400   41.18   |
|  05 Feb 1996     220.267  |   31      1970     206.800   39.22   |
|  13 Apr 1997     182.267  |   32      1978     206.733   37.25   |
|  19 Mar 1998     199.200  |   33      1979     205.667   35.29   |
|  20 Mar 1999     195.533  |   34      1968     204.933   33.33   |
|  14 Apr 2000     250.800  |   35      1998     199.200   31.37   |
|  14 Apr 2001     237.733  |   36      1999     195.533   29.41   |
|  16 Apr 2002     233.200  |   37      1975     194.600   27.45   |
|  20 Apr 2003     281.733  |   38      1989     185.800   25.49   |
|  01 Apr 2004     264.200  |   39      1985     184.933   23.53   |
|  04 Apr 2005     249.733  |   40      1983     184.667   21.57   |
|  20 Mar 2006     302.467  |   41      1984     183.533   19.61   |
|  10 Apr 2007     298.400  |   42      1997     182.267   17.65   |
|  26 Apr 2008     239.533  |   43      1971     180.000   15.69   |
|  31 Dec 2009     304.600  |   44      1994     170.133   13.73   |
|  01 Jan 2010     311.867  |   45      1974     162.467   11.76   |
|  07 Apr 2011     241.400  |   46      1969     161.467    9.80   |
|  14 Apr 2012     257.533  |   47      1972     159.200    7.84   |
|  18 Apr 2013     259.333  |   48      1982     158.533    5.88   |
|  04 Apr 2014     262.467  |   49      1973     157.733    3.92   |
|  06 Apr 2015     289.333  |   50      1966     126.000    1.96   |
|---------------------------|--------------------------------------|



<< Skew Weighting >>
-----------------------------------------------------------------
Based on 50 events, mean-square error of station skew =     0.133
Mean-square error of regional skew is undefined.
-----------------------------------------------------------------


<< Frequency Curve >>
Liard-FLOW-DAY (15-day Min)
-------------------------------------------------------------------
|  Computed    Expected   |   Percent   |    Confidence Limits    |
|    Curve    Probability | Chance Non- |        0.05        0.95 |
|        FLOW, cms        | Exceedance  |        FLOW, cms        |
|-------------------------|-------------|-------------------------|
|     333.354     338.118 |     99.0    |     367.485     309.585 |
|     300.955     303.254 |     95.0    |     326.294     282.539 |
|     283.605     285.020 |     90.0    |     304.780     267.708 |
|     262.692     263.418 |     80.0    |     279.489     249.380 |
|     223.545     223.545 |     50.0    |     234.752     213.047 |
|     186.414     185.722 |     20.0    |     196.267     175.381 |
|     168.117     166.857 |     10.0    |     178.386     156.022 |
|     153.685     151.806 |      5.0    |     164.519     140.655 |
|     138.241     135.396 |      2.0    |     149.757     124.276 |
|     128.443     124.836 |      1.0    |     140.379     113.973 |
|     119.837     115.425 |      0.5    |     132.112     105.006 |
|     109.883     104.427 |      0.2    |     122.494      94.752 |
|-------------------------|-------------|-------------------------|


<< Systematic Statistics >>
Liard-FLOW-DAY (15-day Min)
----------------------------------------------------------------
|        Log Transform:        |                               |
|          FLOW, cms           |       Number of Events        |
|------------------------------|-------------------------------|
|  Mean                 2.343  |  Historic Events           0  |
|  Standard Dev         0.089  |  High Outliers          0     |
|  Station Skew        -0.419  |  Low Outliers           0     |
|  Regional Skew          ---  |  Zero Events            0     |
|  Weighted Skew          ---  |  Missing Events         0     |
|  Adopted Skew        -0.419  |  Systematic Events        50  |
|------------------------------|-------------------------------|

--- End of Analytical Frequency Curve ---

Note: No ordinates specified for graphical frequency curve




====================================================================
Statistical Analysis of 30-day Minimum values
====================================================================

Note: Data are missing for all or part of 1 years in analysis period.


Warning: 2 events occur in first 35 days of analysis year for 30-day duration.

Suggest reviewing data and changing the year/season specification on the General tab to capture independent max/min volumes.


-----------------------
<< High Outlier Test >>
-----------------------
 Based on 50 events, 10 percent outlier test deviate K(N) = 2.768
                      Computed high outlier test value = 400.0702

        0 high outlier(s) identified above test value of 400.0702


----------------------
<< Low Outlier Test >>
----------------------
 Based on 50 events, 10 percent outlier test deviate K(N) = 2.768
                       Computed low outlier test value = 125.6017

         0 low outlier(s) identified below test value of 125.6017





--- Final Results ---

<< Plotting Positions >>
Liard-FLOW-DAY (30-day Min)
--------------------------------------------------------------------
|     Events Analyzed       |            Ordered Events            |
|                     FLOW  |       Calendar        FLOW  Weibull  |
| Day Mon Year         cms  |  Rank     Year         cms  Plot Pos |
|---------------------------|--------------------------------------|
|  02 Apr 1966     127.333  |    1      2010     317.533   98.04   |
|  27 Apr 1967     224.033  |    2      2009     312.467   96.08   |
|  18 Apr 1968     207.633  |    3      2006     303.300   94.12   |
|  06 Apr 1969     163.833  |    4      2007     300.733   92.16   |
|  06 Apr 1970     208.667  |    5      1992     298.167   90.20   |
|  06 Apr 1971     185.100  |    6      2015     298.100   88.24   |
|  15 Mar 1972     159.567  |    7      2003     292.567   86.27   |
|  30 Mar 1973     160.167  |    8      1993     276.233   84.31   |
|  08 Apr 1974     162.800  |    9      1987     272.767   82.35   |
|  12 Apr 1975     197.633  |   10      2013     267.000   80.39   |
|  16 Apr 1976     226.300  |   11      2004     265.533   78.43   |
|  11 Apr 1977     238.867  |   12      2014     263.867   76.47   |
|  14 Apr 1978     207.967  |   13      2012     261.000   74.51   |
|  08 Mar 1979     207.967  |   14      1988     260.267   72.55   |
|  22 Apr 1980     252.333  |   15      2005     253.967   70.59   |
|  24 Apr 1981     241.167  |   16      2000     252.600   68.63   |
|  03 Apr 1982     159.967  |   17      1980     252.333   66.67   |
|  23 Apr 1983     185.700  |   18      2008     247.500   64.71   |
|  26 Jan 1984     184.667  |   19      2001     247.000   62.75   |
|  31 Mar 1985     186.500  |   20      2011     243.500   60.78   |
|  28 Mar 1986     216.267  |   21      1981     241.167   58.82   |
|  13 Apr 1987     272.767  |   22      1991     239.200   56.86   |
|  17 Apr 1988     260.267  |   23      1977     238.867   54.90   |
|  30 Mar 1989     194.867  |   24      1995     237.133   52.94   |
|  02 Mar 1990     213.667  |   25      2002     236.267   50.98   |
|  09 Apr 1991     239.200  |   26      1976     226.300   49.02   |
|  22 Feb 1992     298.167  |   27      1996     226.067   47.06   |
|  08 Apr 1993     276.233  |   28      1967     224.033   45.10   |
|  07 Mar 1994     172.900  |   29      1986     216.267   43.14   |
|  09 Mar 1995     237.133  |   30      1990     213.667   41.18   |
|  14 Mar 1996     226.067  |   31      1970     208.667   39.22   |
|  13 Apr 1997     183.133  |   32      1979     207.967   37.25   |
|  22 Mar 1998     204.767  |   33      1978     207.967   35.29   |
|  26 Mar 1999     197.667  |   34      1968     207.633   33.33   |
|  14 Apr 2000     252.600  |   35      1998     204.767   31.37   |
|  17 Apr 2001     247.000  |   36      1999     197.667   29.41   |
|  16 Apr 2002     236.267  |   37      1975     197.633   27.45   |
|  22 Apr 2003     292.567  |   38      1989     194.867   25.49   |
|  30 Mar 2004     265.533  |   39      1985     186.500   23.53   |
|  17 Apr 2005     253.967  |   40      1983     185.700   21.57   |
|  01 Apr 2006     303.300  |   41      1971     185.100   19.61   |
|  12 Apr 2007     300.733  |   42      1984     184.667   17.65   |
|  27 Apr 2008     247.500  |   43      1997     183.133   15.69   |
|  15 Apr 2009     312.467  |   44      1994     172.900   13.73   |
|  01 Jan 2010     317.533  |   45      1969     163.833   11.76   |
|  10 Apr 2011     243.500  |   46      1974     162.800    9.80   |
|  18 Apr 2012     261.000  |   47      1973     160.167    7.84   |
|  23 Apr 2013     267.000  |   48      1982     159.967    5.88   |
|  05 Apr 2014     263.867  |   49      1972     159.567    3.92   |
|  11 Apr 2015     298.100  |   50      1966     127.333    1.96   |
|---------------------------|--------------------------------------|



<< Skew Weighting >>
-----------------------------------------------------------------
Based on 50 events, mean-square error of station skew =     0.132
Mean-square error of regional skew is undefined.
-----------------------------------------------------------------


<< Frequency Curve >>
Liard-FLOW-DAY (30-day Min)
-------------------------------------------------------------------
|  Computed    Expected   |   Percent   |    Confidence Limits    |
|    Curve    Probability | Chance Non- |        0.05        0.95 |
|        FLOW, cms        | Exceedance  |        FLOW, cms        |
|-------------------------|-------------|-------------------------|
|     342.056     347.067 |     99.0    |     377.830     317.190 |
|     308.064     310.472 |     95.0    |     334.534     288.856 |
|     289.919     291.398 |     90.0    |     312.000     273.365 |
|     268.101     268.857 |     80.0    |     285.578     254.264 |
|     227.411     227.411 |     50.0    |     239.031     216.532 |
|     189.002     188.288 |     20.0    |     199.188     177.609 |
|     170.145     168.849 |     10.0    |     180.741     157.682 |
|     155.305     153.375 |      5.0    |     166.464     141.905 |
|     139.458     136.543 |      2.0    |     151.295     125.129 |
|     129.423     125.733 |      1.0    |     141.676     114.600 |
|     120.623     116.116 |      0.5    |     133.207     105.450 |
|     110.459     104.895 |      0.2    |     123.368      95.005 |
|-------------------------|-------------|-------------------------|


<< Systematic Statistics >>
Liard-FLOW-DAY (30-day Min)
----------------------------------------------------------------
|        Log Transform:        |                               |
|          FLOW, cms           |       Number of Events        |
|------------------------------|-------------------------------|
|  Mean                 2.351  |  Historic Events           0  |
|  Standard Dev         0.091  |  High Outliers          0     |
|  Station Skew        -0.413  |  Low Outliers           0     |
|  Regional Skew          ---  |  Zero Events            0     |
|  Weighted Skew          ---  |  Missing Events         0     |
|  Adopted Skew        -0.413  |  Systematic Events        50  |
|------------------------------|-------------------------------|

--- End of Analytical Frequency Curve ---

Note: No ordinates specified for graphical frequency curve

