-----------------------------
Volume-Duration Analysis
   30 Jan 2017   12:57 PM
-----------------------------


--- Input Data ---

Analysis Name: GREELEY_FREQ
Description: 

Data Set Name: GREELEY-FLOW-DAY
DSS File Name: C:\Users\rgpike\HEC_FOLDERS_CARL\GREELEY\GREELEY.dss
DSS Pathname: ///FLOW-DAY//1DAY//

Project Path: C:\Users\rgpike\HEC_FOLDERS_CARL\GREELEY
Report File Name: C:\Users\rgpike\HEC_FOLDERS_CARL\GREELEY\VolumeFrequencyAnalysisResults\GREELEY_FREQ\GREELEY_FREQ.rpt
Result File Name: C:\Users\rgpike\HEC_FOLDERS_CARL\GREELEY\VolumeFrequencyAnalysisResults\GREELEY_FREQ\GREELEY_FREQ.xml

Analyze Minimums

Analysis Year: Calendar Year

Record Start Date: 01 Jan 1964
Record End Date:   31 Dec 2014


User-Specified Durations
   Duration:   1 day
   Duration:   3 days
   Duration:   7 days
   Duration:  15 days
   Duration:  30 days

Plotting Position Type: Weibull

Probability Distribution Type: Pearson Type III
Use Log Transform
Compute Expected Probability Curve

Upper Confidence Level: 0.05
Lower Confidence Level: 0.95

Use Default Frequencies

Skew Option: Use Station Skew

Display ordinate values using 3 digits in fraction part of value

--- End of Input Data ---




====================================================================
Statistical Analysis of 1-day Minimum values
====================================================================

Note: Data are missing for all or part of 0 years in analysis period.


Warning: 1 events occur in first 6 days of analysis year for 1-day duration.

Suggest reviewing data and changing the year/season specification on the General tab to capture independent max/min volumes.

--- Preliminary Results ---


<< Skew Weighting >>
-----------------------------------------------------------------
Based on 51 events, mean-square error of station skew =     0.158
Mean-square error of regional skew is undefined.
-----------------------------------------------------------------


<< Frequency Curve >>
GREELEY-FLOW-DAY (1-day Min)
-------------------------------------------------------------------
|  Computed    Expected   |   Percent   |    Confidence Limits    |
|    Curve    Probability | Chance Non- |        0.05        0.95 |
|        FLOW, cms        | Exceedance  |        FLOW, cms        |
|-------------------------|-------------|-------------------------|
|       7.934       8.012 |     99.0    |       8.688       7.398 |
|       7.337       7.381 |     95.0    |       7.938       6.895 |
|       6.983       7.011 |     90.0    |       7.501       6.591 |
|       6.526       6.541 |     80.0    |       6.949       6.190 |
|       5.588       5.588 |     50.0    |       5.875       5.323 |
|       4.616       4.597 |     20.0    |       4.862       4.341 |
|       4.113       4.078 |     10.0    |       4.370       3.811 |
|       3.709       3.657 |      5.0    |       3.981       3.382 |
|       3.271       3.192 |      2.0    |       3.562       2.921 |
|       2.992       2.891 |      1.0    |       3.294       2.630 |
|       2.747       2.623 |      0.5    |       3.057       2.377 |
|       2.464       2.313 |      0.2    |       2.781       2.089 |
|-------------------------|-------------|-------------------------|


<< Systematic Statistics >>
GREELEY-FLOW-DAY (1-day Min)
----------------------------------------------------------------
|        Log Transform:        |                               |
|          FLOW, cms           |       Number of Events        |
|------------------------------|-------------------------------|
|  Mean                 0.736  |  Historic Events           0  |
|  Standard Dev         0.092  |  High Outliers          0     |
|  Station Skew        -0.730  |  Low Outliers           0     |
|  Regional Skew          ---  |  Zero Events            0     |
|  Weighted Skew          ---  |  Missing Events         0     |
|  Adopted Skew        -0.730  |  Systematic Events        51  |
|------------------------------|-------------------------------|

--- End of Preliminary Results ---




-----------------------
<< High Outlier Test >>
-----------------------
 Based on 51 events, 10 percent outlier test deviate K(N) = 2.775
                        Computed high outlier test value = 9.7758

          0 high outlier(s) identified above test value of 9.7758


----------------------
<< Low Outlier Test >>
----------------------
 Based on 51 events, 10 percent outlier test deviate K(N) = 2.775
                         Computed low outlier test value = 3.0361

           1 low outlier(s) identified below test value of 3.0361


   * * * * * * * * * * * * * * * * * * * * * * * * * * * * * *
   * Note - Collection of historical information and         *
   *        comparison with similar data should be explored, *
   *        if not incorporated in this analysis.            *
   * * * * * * * * * * * * * * * * * * * * * * * * * * * * * *

     Statistics and frequency curve adjusted for 1 low outlier(s)




--- Final Results ---

<< Plotting Positions >>
GREELEY-FLOW-DAY (1-day Min)
--------------------------------------------------------------------
|     Events Analyzed       |            Ordered Events            |
|                     FLOW  |       Calendar        FLOW  Weibull  |
| Day Mon Year         cms  |  Rank     Year         cms  Plot Pos |
|---------------------------|--------------------------------------|
|  24 Mar 1964       3.940  |    1      1981       7.800   98.08   |
|  06 Feb 1965       7.360  |    2      1965       7.360   96.15   |
|  03 Mar 1966       5.660  |    3      2012       7.300   94.23   |
|  13 Mar 1967       6.460  |    4      1977       7.220   92.31   |
|  31 Dec 1968       6.170  |    5      1974       7.110   90.38   |
|  22 Jan 1969       4.420  |    6      1971       7.110   88.46   |
|  01 Dec 1970       6.510  |    7      1979       6.740   86.54   |
|  17 Mar 1971       7.110  |    8      1984       6.600   84.62   |
|  09 Dec 1972       5.950  |    9      1970       6.510   82.69   |
|  08 Feb 1973       3.990  |   10      1983       6.500   80.77   |
|  12 Jan 1974       7.110  |   11      1967       6.460   78.85   |
|  25 Feb 1975       5.520  |   12      1987       6.400   76.92   |
|  14 Mar 1976       6.370  |   13      1976       6.370   75.00   |
|  25 Feb 1977       7.220  |   14      2001       6.300   73.08   |
|  30 Jan 1978       5.610  |   15      1990       6.300   71.15   |
|  15 Feb 1979       6.740  |   16      1980       6.230   69.23   |
|  06 Mar 1980       6.230  |   17      1999       6.210   67.31   |
|  13 Feb 1981       7.800  |   18      1968       6.170   65.38   |
|  09 Feb 1982       4.500  |   19      2000       6.100   63.46   |
|  05 Feb 1983       6.500  |   20      1996       6.100   61.54   |
|  19 Jan 1984       6.600  |   21      1972       5.950   59.62   |
|  02 Feb 1985       5.250  |   22      2011       5.860   57.69   |
|  13 Feb 1986       5.500  |   23      2002       5.800   55.77   |
|  16 Jan 1987       6.400  |   24      1966       5.660   53.85   |
|  01 Feb 1988       3.180  |   25      1978       5.610   51.92   |
|  03 Feb 1989       4.500  |   26      1975       5.520   50.00   |
|  18 Feb 1990       6.300  |   27      2005       5.500   48.08   |
|  07 Jan 1991       4.900  |   28      1986       5.500   46.15   |
|  22 Jan 1992       5.300  |   29      2013       5.350   44.23   |
|  16 Feb 1993       4.000  |   30      1992       5.300   42.31   |
|  31 Dec 1994       5.200  |   31      1985       5.250   40.38   |
|  06 Mar 1995       5.000  |   32      2003       5.200   38.46   |
|  01 Feb 1996       6.100  |   33      1998       5.200   36.54   |
|  27 Jan 1997       4.500  |   34      1994       5.200   34.62   |
|  12 Jan 1998       5.200  |   35      2007       5.190   32.69   |
|  10 Feb 1999       6.210  |   36      2014       5.160   30.77   |
|  13 Dec 2000       6.100  |   37      1995       5.000   28.85   |
|  08 Feb 2001       6.300  |   38      1991       4.900   26.92   |
|  10 Mar 2002       5.800  |   39      2008       4.790   25.00   |
|  09 Mar 2003       5.200  |   40      2004       4.500   23.08   |
|  06 Feb 2004       4.500  |   41      1997       4.500   21.15   |
|  13 Jan 2005       5.500  |   42      1989       4.500   19.23   |
|  17 Feb 2006       4.100  |   43      1982       4.500   17.31   |
|  14 Jan 2007       5.190  |   44      1969       4.420   15.38   |
|  26 Jan 2008       4.790  |   45      2009       4.200   13.46   |
|  27 Feb 2009       4.200  |   46      2006       4.100   11.54   |
|  07 Jan 2010       3.000  |   47      1993       4.000    9.62   |
|  25 Feb 2011       5.860  |   48      1973       3.990    7.69   |
|  15 Feb 2012       7.300  |   49      1964       3.940    5.77   |
|  06 Dec 2013       5.350  |   50      1988       3.180    3.85   |
|  05 Jan 2014       5.160  |   51      2010       3.000*   1.92   |
|---------------------------|--------------------------------------|
                                                        * Outlier



<< Skew Weighting >>
-----------------------------------------------------------------
Based on 51 events, mean-square error of station skew =     0.158
Mean-square error of regional skew is undefined.
-----------------------------------------------------------------


<< Frequency Curve >>
GREELEY-FLOW-DAY (1-day Min)
-------------------------------------------------------------------
|  Computed    Expected   |   Percent   |    Confidence Limits    |
|    Curve    Probability | Chance Non- |        0.05        0.95 |
|        FLOW, cms        | Exceedance  |        FLOW, cms        |
|-------------------------|-------------|-------------------------|
|       7.934       8.012 |     99.0    |       8.688       7.398 |
|       7.337       7.381 |     95.0    |       7.938       6.895 |
|       6.983       7.011 |     90.0    |       7.501       6.591 |
|       6.526       6.541 |     80.0    |       6.949       6.190 |
|       5.588       5.588 |     50.0    |       5.875       5.323 |
|       4.616       4.597 |     20.0    |       4.862       4.341 |
|       4.113       4.078 |     10.0    |       4.370       3.811 |
|       3.709       3.657 |      5.0    |       3.981       3.382 |
|       3.271       3.192 |      2.0    |       3.562       2.921 |
|       2.992       2.891 |      1.0    |       3.294       2.630 |
|       2.747       2.623 |      0.5    |       3.057       2.377 |
|       2.464       2.313 |      0.2    |       2.781       2.089 |
|-------------------------|-------------|-------------------------|


<< Systematic Statistics >>
GREELEY-FLOW-DAY (1-day Min)
----------------------------------------------------------------
|        Log Transform:        |                               |
|          FLOW, cms           |       Number of Events        |
|------------------------------|-------------------------------|
|  Mean                 0.736  |  Historic Events           0  |
|  Standard Dev         0.092  |  High Outliers          0     |
|  Station Skew        -0.730  |  Low Outliers           1     |
|  Regional Skew          ---  |  Zero Events            0     |
|  Weighted Skew          ---  |  Missing Events         0     |
|  Adopted Skew        -0.730  |  Systematic Events        51  |
|------------------------------|-------------------------------|

--- End of Analytical Frequency Curve ---

Note: No ordinates specified for graphical frequency curve




====================================================================
Statistical Analysis of 3-day Minimum values
====================================================================

Note: Data are missing for all or part of 1 years in analysis period.


Warning: 2 events occur in first 8 days of analysis year for 3-day duration.

Suggest reviewing data and changing the year/season specification on the General tab to capture independent max/min volumes.


-----------------------
<< High Outlier Test >>
-----------------------
 Based on 51 events, 10 percent outlier test deviate K(N) = 2.775
                        Computed high outlier test value = 9.6805

          0 high outlier(s) identified above test value of 9.6805


----------------------
<< Low Outlier Test >>
----------------------
 Based on 51 events, 10 percent outlier test deviate K(N) = 2.775
                         Computed low outlier test value = 3.2787

           0 low outlier(s) identified below test value of 3.2787





--- Final Results ---

<< Plotting Positions >>
GREELEY-FLOW-DAY (3-day Min)
--------------------------------------------------------------------
|     Events Analyzed       |            Ordered Events            |
|                     FLOW  |       Calendar        FLOW  Weibull  |
| Day Mon Year         cms  |  Rank     Year         cms  Plot Pos |
|---------------------------|--------------------------------------|
|  24 Mar 1964       4.597  |    1      1981       8.133   98.08   |
|  30 Mar 1965       7.400  |    2      2012       7.430   96.15   |
|  05 Mar 1966       5.660  |    3      1965       7.400   94.23   |
|  14 Mar 1967       6.833  |    4      1977       7.240   92.31   |
|  31 Dec 1968       6.680  |    5      1971       7.140   90.38   |
|  23 Jan 1969       4.587  |    6      1974       7.110   88.46   |
|  02 Dec 1970       6.530  |    7      1979       7.060   86.54   |
|  27 Mar 1971       7.140  |    8      1967       6.833   84.62   |
|  10 Dec 1972       6.137  |    9      1984       6.767   82.69   |
|  09 Feb 1973       4.160  |   10      1968       6.680   80.77   |
|  14 Jan 1974       7.110  |   11      1990       6.650   78.85   |
|  26 Feb 1975       5.567  |   12      1976       6.567   76.92   |
|  05 Mar 1976       6.567  |   13      1983       6.543   75.00   |
|  27 Feb 1977       7.240  |   14      1987       6.533   73.08   |
|  06 Mar 1978       5.680  |   15      1970       6.530   71.15   |
|  23 Feb 1979       7.060  |   16      1999       6.467   69.23   |
|  07 Mar 1980       6.307  |   17      2001       6.367   67.31   |
|  14 Feb 1981       8.133  |   18      1980       6.307   65.38   |
|  09 Feb 1982       4.600  |   19      2000       6.270   63.46   |
|  06 Feb 1983       6.543  |   20      1996       6.267   61.54   |
|  22 Dec 1984       6.767  |   21      1972       6.137   59.62   |
|  03 Feb 1985       5.283  |   22      2011       5.917   57.69   |
|  15 Feb 1986       5.550  |   23      1994       5.867   55.77   |
|  01 Mar 1987       6.533  |   24      2002       5.850   53.85   |
|  03 Feb 1988       3.627  |   25      2005       5.733   51.92   |
|  04 Feb 1989       4.567  |   26      1978       5.680   50.00   |
|  20 Feb 1990       6.650  |   27      1966       5.660   48.08   |
|  07 Jan 1991       5.167  |   28      1975       5.567   46.15   |
|  23 Jan 1992       5.500  |   29      1986       5.550   44.23   |
|  17 Feb 1993       4.300  |   30      2013       5.543   42.31   |
|  09 Feb 1994       5.867  |   31      1992       5.500   40.38   |
|  08 Mar 1995       5.217  |   32      1998       5.400   38.46   |
|  01 Feb 1996       6.267  |   33      2003       5.333   36.54   |
|  27 Jan 1997       4.633  |   34      1985       5.283   34.62   |
|  13 Jan 1998       5.400  |   35      2014       5.217   32.69   |
|  13 Mar 1999       6.467  |   36      1995       5.217   30.77   |
|  14 Dec 2000       6.270  |   37      2007       5.203   28.85   |
|  09 Feb 2001       6.367  |   38      1991       5.167   26.92   |
|  11 Mar 2002       5.850  |   39      2008       4.833   25.00   |
|  11 Mar 2003       5.333  |   40      1997       4.633   23.08   |
|  07 Feb 2004       4.547  |   41      1982       4.600   21.15   |
|  13 Jan 2005       5.733  |   42      1964       4.597   19.23   |
|  18 Feb 2006       4.317  |   43      1969       4.587   17.31   |
|  14 Jan 2007       5.203  |   44      1989       4.567   15.38   |
|  27 Jan 2008       4.833  |   45      2004       4.547   13.46   |
|  28 Feb 2009       4.367  |   46      2009       4.367   11.54   |
|  08 Jan 2010       3.300  |   47      2006       4.317    9.62   |
|  26 Feb 2011       5.917  |   48      1993       4.300    7.69   |
|  17 Feb 2012       7.430  |   49      1973       4.160    5.77   |
|  07 Dec 2013       5.543  |   50      1988       3.627    3.85   |
|  05 Feb 2014       5.217  |   51      2010       3.300    1.92   |
|---------------------------|--------------------------------------|



<< Skew Weighting >>
-----------------------------------------------------------------
Based on 51 events, mean-square error of station skew =      0.14
Mean-square error of regional skew is undefined.
-----------------------------------------------------------------


<< Frequency Curve >>
GREELEY-FLOW-DAY (3-day Min)
-------------------------------------------------------------------
|  Computed    Expected   |   Percent   |    Confidence Limits    |
|    Curve    Probability | Chance Non- |        0.05        0.95 |
|        FLOW, cms        | Exceedance  |        FLOW, cms        |
|-------------------------|-------------|-------------------------|
|       8.210       8.305 |     99.0    |       8.971       7.671 |
|       7.519       7.568 |     95.0    |       8.103       7.090 |
|       7.135       7.166 |     90.0    |       7.630       6.760 |
|       6.659       6.675 |     80.0    |       7.058       6.340 |
|       5.732       5.732 |     50.0    |       6.002       5.479 |
|       4.815       4.798 |     20.0    |       5.053       4.547 |
|       4.351       4.319 |     10.0    |       4.601       4.055 |
|       3.980       3.932 |      5.0    |       4.246       3.659 |
|       3.578       3.505 |      2.0    |       3.863       3.232 |
|       3.321       3.228 |      1.0    |       3.618       2.961 |
|       3.095       2.980 |      0.5    |       3.401       2.724 |
|       2.831       2.689 |      0.2    |       3.147       2.451 |
|-------------------------|-------------|-------------------------|


<< Systematic Statistics >>
GREELEY-FLOW-DAY (3-day Min)
----------------------------------------------------------------
|        Log Transform:        |                               |
|          FLOW, cms           |       Number of Events        |
|------------------------------|-------------------------------|
|  Mean                 0.751  |  Historic Events           0  |
|  Standard Dev         0.085  |  High Outliers          0     |
|  Station Skew        -0.533  |  Low Outliers           0     |
|  Regional Skew          ---  |  Zero Events            0     |
|  Weighted Skew          ---  |  Missing Events         0     |
|  Adopted Skew        -0.533  |  Systematic Events        51  |
|------------------------------|-------------------------------|

--- End of Analytical Frequency Curve ---

Note: No ordinates specified for graphical frequency curve




====================================================================
Statistical Analysis of 7-day Minimum values
====================================================================

Note: Data are missing for all or part of 1 years in analysis period.


Warning: 2 events occur in first 12 days of analysis year for 7-day duration.

Suggest reviewing data and changing the year/season specification on the General tab to capture independent max/min volumes.


-----------------------
<< High Outlier Test >>
-----------------------
 Based on 51 events, 10 percent outlier test deviate K(N) = 2.775
                        Computed high outlier test value = 9.6776

          0 high outlier(s) identified above test value of 9.6776


----------------------
<< Low Outlier Test >>
----------------------
 Based on 51 events, 10 percent outlier test deviate K(N) = 2.775
                         Computed low outlier test value = 3.6798

           0 low outlier(s) identified below test value of 3.6798





--- Final Results ---

<< Plotting Positions >>
GREELEY-FLOW-DAY (7-day Min)
--------------------------------------------------------------------
|     Events Analyzed       |            Ordered Events            |
|                     FLOW  |       Calendar        FLOW  Weibull  |
| Day Mon Year         cms  |  Rank     Year         cms  Plot Pos |
|---------------------------|--------------------------------------|
|  24 Mar 1964       5.076  |    1      1981       8.600   98.08   |
|  01 Apr 1965       7.540  |    2      1968       8.600   96.15   |
|  09 Mar 1966       5.864  |    3      2012       7.713   94.23   |
|  16 Mar 1967       7.207  |    4      1965       7.540   92.31   |
|  22 Feb 1968       8.600  |    5      1977       7.351   90.38   |
|  25 Jan 1969       4.879  |    6      1979       7.224   88.46   |
|  02 Dec 1970       6.634  |    7      1990       7.207   86.54   |
|  30 Mar 1971       7.149  |    8      1967       7.207   84.62   |
|  13 Dec 1972       6.453  |    9      1971       7.149   82.69   |
|  13 Feb 1973       4.479  |   10      1974       7.136   80.77   |
|  14 Jan 1974       7.136  |   11      1984       6.886   78.85   |
|  28 Feb 1975       5.774  |   12      1976       6.826   76.92   |
|  30 Mar 1976       6.826  |   13      1996       6.800   75.00   |
|  03 Mar 1977       7.351  |   14      1983       6.694   73.08   |
|  08 Mar 1978       5.784  |   15      1970       6.634   71.15   |
|  27 Feb 1979       7.224  |   16      1987       6.613   69.23   |
|  10 Mar 1980       6.406  |   17      1999       6.524   67.31   |
|  15 Feb 1981       8.600  |   18      2001       6.500   65.38   |
|  11 Feb 1982       4.714  |   19      1972       6.453   63.46   |
|  09 Feb 1983       6.694  |   20      2000       6.430   61.54   |
|  24 Dec 1984       6.886  |   21      1980       6.406   59.62   |
|  04 Feb 1985       5.417  |   22      1994       6.400   57.69   |
|  19 Feb 1986       5.593  |   23      2013       6.323   55.77   |
|  02 Mar 1987       6.613  |   24      2011       6.224   53.85   |
|  06 Feb 1988       4.319  |   25      2005       6.057   51.92   |
|  08 Feb 1989       5.036  |   26      2002       6.021   50.00   |
|  20 Feb 1990       7.207  |   27      1992       5.899   48.08   |
|  10 Jan 1991       5.679  |   28      1966       5.864   46.15   |
|  26 Jan 1992       5.899  |   29      1998       5.829   44.23   |
|  19 Feb 1993       4.929  |   30      1978       5.784   42.31   |
|  12 Feb 1994       6.400  |   31      1975       5.774   40.38   |
|  10 Mar 1995       5.464  |   32      1991       5.679   38.46   |
|  03 Feb 1996       6.800  |   33      1986       5.593   36.54   |
|  30 Jan 1997       5.343  |   34      2003       5.571   34.62   |
|  15 Jan 1998       5.829  |   35      1995       5.464   32.69   |
|  21 Feb 1999       6.524  |   36      1985       5.417   30.77   |
|  18 Dec 2000       6.430  |   37      1997       5.343   28.85   |
|  10 Feb 2001       6.500  |   38      2007       5.257   26.92   |
|  11 Mar 2002       6.021  |   39      2014       5.241   25.00   |
|  24 Jan 2003       5.571  |   40      1964       5.076   23.08   |
|  10 Feb 2004       4.589  |   41      1989       5.036   21.15   |
|  13 Jan 2005       6.057  |   42      2008       4.957   19.23   |
|  19 Feb 2006       4.636  |   43      1993       4.929   17.31   |
|  16 Jan 2007       5.257  |   44      1969       4.879   15.38   |
|  30 Jan 2008       4.957  |   45      2009       4.786   13.46   |
|  28 Feb 2009       4.786  |   46      1982       4.714   11.54   |
|  10 Jan 2010       4.257  |   47      2006       4.636    9.62   |
|  27 Feb 2011       6.224  |   48      2004       4.589    7.69   |
|  20 Feb 2012       7.713  |   49      1973       4.479    5.77   |
|  09 Dec 2013       6.323  |   50      1988       4.319    3.85   |
|  07 Feb 2014       5.241  |   51      2010       4.257    1.92   |
|---------------------------|--------------------------------------|



<< Skew Weighting >>
-----------------------------------------------------------------
Based on 51 events, mean-square error of station skew =     0.104
Mean-square error of regional skew is undefined.
-----------------------------------------------------------------


<< Frequency Curve >>
GREELEY-FLOW-DAY (7-day Min)
-------------------------------------------------------------------
|  Computed    Expected   |   Percent   |    Confidence Limits    |
|    Curve    Probability | Chance Non- |        0.05        0.95 |
|        FLOW, cms        | Exceedance  |        FLOW, cms        |
|-------------------------|-------------|-------------------------|
|       8.906       9.058 |     99.0    |       9.745       8.322 |
|       7.932       7.997 |     95.0    |       8.516       7.507 |
|       7.455       7.493 |     90.0    |       7.928       7.097 |
|       6.912       6.931 |     80.0    |       7.279       6.617 |
|       5.974       5.974 |     50.0    |       6.222       5.736 |
|       5.155       5.141 |     20.0    |       5.385       4.896 |
|       4.770       4.745 |     10.0    |       5.011       4.484 |
|       4.472       4.435 |      5.0    |       4.727       4.163 |
|       4.158       4.102 |      2.0    |       4.430       3.825 |
|       3.959       3.889 |      1.0    |       4.242       3.612 |
|       3.786       3.699 |      0.5    |       4.078       3.427 |
|       3.585       3.477 |      0.2    |       3.888       3.213 |
|-------------------------|-------------|-------------------------|


<< Systematic Statistics >>
GREELEY-FLOW-DAY (7-day Min)
----------------------------------------------------------------
|        Log Transform:        |                               |
|          FLOW, cms           |       Number of Events        |
|------------------------------|-------------------------------|
|  Mean                 0.776  |  Historic Events           0  |
|  Standard Dev         0.076  |  High Outliers          0     |
|  Station Skew        -0.039  |  Low Outliers           0     |
|  Regional Skew          ---  |  Zero Events            0     |
|  Weighted Skew          ---  |  Missing Events         0     |
|  Adopted Skew        -0.039  |  Systematic Events        51  |
|------------------------------|-------------------------------|

--- End of Analytical Frequency Curve ---

Note: No ordinates specified for graphical frequency curve




====================================================================
Statistical Analysis of 15-day Minimum values
====================================================================

Note: Data are missing for all or part of 1 years in analysis period.


Warning: 6 events occur in first 20 days of analysis year for 15-day duration.

Suggest reviewing data and changing the year/season specification on the General tab to capture independent max/min volumes.


-----------------------
<< High Outlier Test >>
-----------------------
 Based on 51 events, 10 percent outlier test deviate K(N) = 2.775
                        Computed high outlier test value = 9.9733

          0 high outlier(s) identified above test value of 9.9733


----------------------
<< Low Outlier Test >>
----------------------
 Based on 51 events, 10 percent outlier test deviate K(N) = 2.775
                         Computed low outlier test value = 4.0893

           0 low outlier(s) identified below test value of 4.0893





--- Final Results ---

<< Plotting Positions >>
GREELEY-FLOW-DAY (15-day Min)
--------------------------------------------------------------------
|     Events Analyzed       |            Ordered Events            |
|                     FLOW  |       Calendar        FLOW  Weibull  |
| Day Mon Year         cms  |  Rank     Year         cms  Plot Pos |
|---------------------------|--------------------------------------|
|  28 Mar 1964       5.328  |    1      1981       9.187   98.08   |
|  01 Apr 1965       7.956  |    2      1968       8.912   96.15   |
|  12 Mar 1966       6.437  |    3      1965       7.956   94.23   |
|  23 Mar 1967       7.264  |    4      1996       7.860   92.31   |
|  26 Feb 1968       8.912  |    5      2012       7.811   90.38   |
|  01 Feb 1969       5.168  |    6      1990       7.623   88.46   |
|  06 Dec 1970       7.084  |    7      1977       7.539   86.54   |
|  30 Mar 1971       7.162  |    8      1979       7.407   84.62   |
|  17 Dec 1972       7.213  |    9      1983       7.323   82.69   |
|  19 Feb 1973       5.091  |   10      1967       7.264   80.77   |
|  14 Jan 1974       7.154  |   11      1984       7.260   78.85   |
|  28 Feb 1975       6.085  |   12      1972       7.213   76.92   |
|  31 Mar 1976       6.929  |   13      1971       7.162   75.00   |
|  04 Mar 1977       7.539  |   14      1974       7.154   73.08   |
|  15 Mar 1978       6.095  |   15      1970       7.084   71.15   |
|  26 Feb 1979       7.407  |   16      2011       7.067   69.23   |
|  11 Mar 1980       6.616  |   17      2000       7.064   67.31   |
|  17 Feb 1981       9.187  |   18      1991       7.009   65.38   |
|  12 Feb 1982       5.007  |   19      1987       6.975   63.46   |
|  11 Feb 1983       7.323  |   20      1976       6.929   61.54   |
|  30 Dec 1984       7.260  |   21      2013       6.745   59.62   |
|  07 Feb 1985       5.788  |   22      1994       6.727   57.69   |
|  23 Feb 1986       5.709  |   23      1980       6.616   55.77   |
|  04 Mar 1987       6.975  |   24      2005       6.593   53.85   |
|  08 Feb 1988       5.352  |   25      1999       6.577   51.92   |
|  13 Mar 1989       5.417  |   26      2001       6.563   50.00   |
|  21 Feb 1990       7.623  |   27      1997       6.527   48.08   |
|  11 Jan 1991       7.009  |   28      1992       6.480   46.15   |
|  29 Jan 1992       6.480  |   29      1966       6.437   44.23   |
|  27 Feb 1993       5.240  |   30      1998       6.427   42.31   |
|  16 Feb 1994       6.727  |   31      2002       6.283   40.38   |
|  13 Mar 1995       5.931  |   32      1978       6.095   38.46   |
|  04 Feb 1996       7.860  |   33      1975       6.085   36.54   |
|  08 Feb 1997       6.527  |   34      1995       5.931   34.62   |
|  17 Jan 1998       6.427  |   35      2003       5.883   32.69   |
|  24 Feb 1999       6.577  |   36      1985       5.788   30.77   |
|  25 Dec 2000       7.064  |   37      1986       5.709   28.85   |
|  11 Feb 2001       6.563  |   38      2006       5.453   26.92   |
|  11 Mar 2002       6.283  |   39      1989       5.417   25.00   |
|  25 Jan 2003       5.883  |   40      2007       5.405   23.08   |
|  16 Feb 2004       4.765  |   41      1988       5.352   21.15   |
|  14 Jan 2005       6.593  |   42      2014       5.328   19.23   |
|  24 Feb 2006       5.453  |   43      1964       5.328   17.31   |
|  19 Jan 2007       5.405  |   44      1993       5.240   15.38   |
|  05 Feb 2008       5.179  |   45      2008       5.179   13.46   |
|  02 Mar 2009       4.873  |   46      1969       5.168   11.54   |
|  10 Jan 2010       4.961  |   47      1973       5.091    9.62   |
|  02 Mar 2011       7.067  |   48      1982       5.007    7.69   |
|  29 Feb 2012       7.811  |   49      2010       4.961    5.77   |
|  28 Jan 2013       6.745  |   50      2009       4.873    3.85   |
|  09 Feb 2014       5.328  |   51      2004       4.765    1.92   |
|---------------------------|--------------------------------------|



<< Skew Weighting >>
-----------------------------------------------------------------
Based on 51 events, mean-square error of station skew =     0.102
Mean-square error of regional skew is undefined.
-----------------------------------------------------------------


<< Frequency Curve >>
GREELEY-FLOW-DAY (15-day Min)
-------------------------------------------------------------------
|  Computed    Expected   |   Percent   |    Confidence Limits    |
|    Curve    Probability | Chance Non- |        0.05        0.95 |
|        FLOW, cms        | Exceedance  |        FLOW, cms        |
|-------------------------|-------------|-------------------------|
|       9.258       9.406 |     99.0    |      10.064       8.694 |
|       8.310       8.373 |     95.0    |       8.873       7.898 |
|       7.843       7.881 |     90.0    |       8.302       7.495 |
|       7.312       7.330 |     80.0    |       7.669       7.024 |
|       6.390       6.390 |     50.0    |       6.634       6.154 |
|       5.580       5.566 |     20.0    |       5.808       5.320 |
|       5.196       5.171 |     10.0    |       5.438       4.909 |
|       4.899       4.861 |      5.0    |       5.156       4.587 |
|       4.584       4.528 |      2.0    |       4.859       4.245 |
|       4.385       4.313 |      1.0    |       4.671       4.030 |
|       4.209       4.122 |      0.5    |       4.507       3.842 |
|       4.006       3.897 |      0.2    |       4.315       3.624 |
|-------------------------|-------------|-------------------------|


<< Systematic Statistics >>
GREELEY-FLOW-DAY (15-day Min)
----------------------------------------------------------------
|        Log Transform:        |                               |
|          FLOW, cms           |       Number of Events        |
|------------------------------|-------------------------------|
|  Mean                 0.805  |  Historic Events           0  |
|  Standard Dev         0.070  |  High Outliers          0     |
|  Station Skew        -0.020  |  Low Outliers           0     |
|  Regional Skew          ---  |  Zero Events            0     |
|  Weighted Skew          ---  |  Missing Events         0     |
|  Adopted Skew        -0.020  |  Systematic Events        51  |
|------------------------------|-------------------------------|

--- End of Analytical Frequency Curve ---

Note: No ordinates specified for graphical frequency curve




====================================================================
Statistical Analysis of 30-day Minimum values
====================================================================

Note: Data are missing for all or part of 1 years in analysis period.


Warning: 12 events occur in first 35 days of analysis year for 30-day duration.

Suggest reviewing data and changing the year/season specification on the General tab to capture independent max/min volumes.


-----------------------
<< High Outlier Test >>
-----------------------
 Based on 51 events, 10 percent outlier test deviate K(N) = 2.775
                       Computed high outlier test value = 10.8904

         0 high outlier(s) identified above test value of 10.8904


----------------------
<< Low Outlier Test >>
----------------------
 Based on 51 events, 10 percent outlier test deviate K(N) = 2.775
                         Computed low outlier test value = 4.4109

           0 low outlier(s) identified below test value of 4.4109





--- Final Results ---

<< Plotting Positions >>
GREELEY-FLOW-DAY (30-day Min)
--------------------------------------------------------------------
|     Events Analyzed       |            Ordered Events            |
|                     FLOW  |       Calendar        FLOW  Weibull  |
| Day Mon Year         cms  |  Rank     Year         cms  Plot Pos |
|---------------------------|--------------------------------------|
|  29 Mar 1964       5.556  |    1      1981      10.527   98.08   |
|  02 Mar 1965       8.195  |    2      1968       9.263   96.15   |
|  23 Mar 1966       7.067  |    3      1996       9.003   94.23   |
|  23 Mar 1967       7.561  |    4      2005       8.493   92.31   |
|  09 Jan 1968       9.263  |    5      2000       8.479   90.38   |
|  07 Feb 1969       5.672  |    6      1965       8.195   88.46   |
|  11 Feb 1970       7.871  |    7      1984       8.186   86.54   |
|  06 Apr 1971       7.396  |    8      2012       8.091   84.62   |
|  03 Mar 1972       8.025  |    9      1972       8.025   82.69   |
|  25 Feb 1973       5.805  |   10      1983       7.992   80.77   |
|  17 Jan 1974       7.970  |   11      1974       7.970   78.85   |
|  05 Apr 1975       6.273  |   12      1990       7.906   76.92   |
|  31 Mar 1976       6.944  |   13      1970       7.871   75.00   |
|  19 Mar 1977       7.779  |   14      1991       7.837   73.08   |
|  16 Mar 1978       6.602  |   15      1977       7.779   71.15   |
|  04 Mar 1979       7.521  |   16      2011       7.680   69.23   |
|  17 Mar 1980       6.810  |   17      1967       7.561   67.31   |
|  03 Mar 1981      10.527  |   18      1979       7.521   65.38   |
|  13 Feb 1982       5.310  |   19      1971       7.396   63.46   |
|  21 Feb 1983       7.992  |   20      1998       7.383   61.54   |
|  31 Dec 1984       8.186  |   21      1987       7.303   59.62   |
|  22 Feb 1985       6.003  |   22      1992       7.218   57.69   |
|  24 Feb 1986       6.101  |   23      1994       7.209   55.77   |
|  04 Mar 1987       7.303  |   24      2013       7.192   53.85   |
|  06 Feb 1988       5.901  |   25      1995       7.071   51.92   |
|  24 Mar 1989       5.915  |   26      1966       7.067   50.00   |
|  04 Mar 1990       7.906  |   27      1976       6.944   48.08   |
|  30 Jan 1991       7.837  |   28      1997       6.936   46.15   |
|  29 Jan 1992       7.218  |   29      2001       6.822   44.23   |
|  04 Mar 1993       5.832  |   30      1980       6.810   42.31   |
|  26 Feb 1994       7.209  |   31      2006       6.702   40.38   |
|  27 Jan 1995       7.071  |   32      1999       6.647   38.46   |
|  17 Feb 1996       9.003  |   33      1978       6.602   36.54   |
|  10 Feb 1997       6.936  |   34      2002       6.468   34.62   |
|  01 Feb 1998       7.383  |   35      2003       6.441   32.69   |
|  11 Mar 1999       6.647  |   36      1975       6.273   30.77   |
|  25 Mar 2000       8.479  |   37      2014       6.154   28.85   |
|  20 Feb 2001       6.822  |   38      1986       6.101   26.92   |
|  23 Mar 2002       6.468  |   39      1985       6.003   25.00   |
|  27 Jan 2003       6.441  |   40      1989       5.915   23.08   |
|  26 Feb 2004       5.284  |   41      1988       5.901   21.15   |
|  15 Jan 2005       8.493  |   42      1993       5.832   19.23   |
|  11 Mar 2006       6.702  |   43      1973       5.805   17.31   |
|  23 Jan 2007       5.748  |   44      2007       5.748   15.38   |
|  22 Feb 2008       5.301  |   45      1969       5.672   13.46   |
|  16 Mar 2009       5.087  |   46      2010       5.576   11.54   |
|  10 Jan 2010       5.576  |   47      1964       5.556    9.62   |
|  17 Jan 2011       7.680  |   48      1982       5.310    7.69   |
|  04 Mar 2012       8.091  |   49      2008       5.301    5.77   |
|  31 Jan 2013       7.192  |   50      2004       5.284    3.85   |
|  10 Feb 2014       6.154  |   51      2009       5.087    1.92   |
|---------------------------|--------------------------------------|



<< Skew Weighting >>
-----------------------------------------------------------------
Based on 51 events, mean-square error of station skew =     0.105
Mean-square error of regional skew is undefined.
-----------------------------------------------------------------


<< Frequency Curve >>
GREELEY-FLOW-DAY (30-day Min)
-------------------------------------------------------------------
|  Computed    Expected   |   Percent   |    Confidence Limits    |
|    Curve    Probability | Chance Non- |        0.05        0.95 |
|        FLOW, cms        | Exceedance  |        FLOW, cms        |
|-------------------------|-------------|-------------------------|
|      10.203      10.380 |     99.0    |      11.123       9.562 |
|       9.087       9.160 |     95.0    |       9.717       8.626 |
|       8.549       8.592 |     90.0    |       9.058       8.163 |
|       7.944       7.965 |     80.0    |       8.337       7.628 |
|       6.919       6.919 |     50.0    |       7.186       6.660 |
|       6.040       6.025 |     20.0    |       6.291       5.755 |
|       5.632       5.606 |     10.0    |       5.897       5.317 |
|       5.319       5.279 |      5.0    |       5.599       4.978 |
|       4.989       4.931 |      2.0    |       5.288       4.622 |
|       4.783       4.709 |      1.0    |       5.094       4.399 |
|       4.602       4.513 |      0.5    |       4.924       4.205 |
|       4.394       4.282 |      0.2    |       4.728       3.981 |
|-------------------------|-------------|-------------------------|


<< Systematic Statistics >>
GREELEY-FLOW-DAY (30-day Min)
----------------------------------------------------------------
|        Log Transform:        |                               |
|          FLOW, cms           |       Number of Events        |
|------------------------------|-------------------------------|
|  Mean                 0.841  |  Historic Events           0  |
|  Standard Dev         0.071  |  High Outliers          0     |
|  Station Skew         0.066  |  Low Outliers           0     |
|  Regional Skew          ---  |  Zero Events            0     |
|  Weighted Skew          ---  |  Missing Events         0     |
|  Adopted Skew         0.066  |  Systematic Events        51  |
|------------------------------|-------------------------------|

--- End of Analytical Frequency Curve ---

Note: No ordinates specified for graphical frequency curve

