-----------------------------
Volume-Duration Analysis
   30 Jan 2017   01:13 PM
-----------------------------


--- Input Data ---

Analysis Name: COLDWATER_FREQ
Description: 

Data Set Name: COLDWATER-FLOW-DAY
DSS File Name: C:\Users\rgpike\HEC_FOLDERS_CARL\COLDWATER\COLDWATER.dss
DSS Pathname: ///FLOW-DAY//1DAY//

Project Path: C:\Users\rgpike\HEC_FOLDERS_CARL\COLDWATER
Report File Name: C:\Users\rgpike\HEC_FOLDERS_CARL\COLDWATER\VolumeFrequencyAnalysisResults\COLDWATER_FREQ\COLDWATER_FREQ.rpt
Result File Name: C:\Users\rgpike\HEC_FOLDERS_CARL\COLDWATER\VolumeFrequencyAnalysisResults\COLDWATER_FREQ\COLDWATER_FREQ.xml

Analyze Minimums

Analysis Year: Calendar Year

Record Start Date: 01 Jan 1968
Record End Date:   31 Dec 2014


User-Specified Durations
   Duration:   1 day
   Duration:   3 days
   Duration:   7 days
   Duration:  15 days
   Duration:  30 days

Plotting Position Type: Weibull

Probability Distribution Type: Pearson Type III
Use Log Transform
Compute Expected Probability Curve

Upper Confidence Level: 0.05
Lower Confidence Level: 0.95

Use Default Frequencies

Skew Option: Use Station Skew

Display ordinate values using 3 digits in fraction part of value

--- End of Input Data ---




====================================================================
Statistical Analysis of 1-day Minimum values
====================================================================

Note: Data are missing for all or part of 0 years in analysis period.


Warning: 3 events occur in first 6 days of analysis year for 1-day duration.

Suggest reviewing data and changing the year/season specification on the General tab to capture independent max/min volumes.

--- Preliminary Results ---


<< Skew Weighting >>
-----------------------------------------------------------------
Based on 47 events, mean-square error of station skew =     0.228
Mean-square error of regional skew is undefined.
-----------------------------------------------------------------


<< Frequency Curve >>
COLDWATER-FLOW-DAY (1-day Min)
-------------------------------------------------------------------
|  Computed    Expected   |   Percent   |    Confidence Limits    |
|    Curve    Probability | Chance Non- |        0.05        0.95 |
|        FLOW, cms        | Exceedance  |        FLOW, cms        |
|-------------------------|-------------|-------------------------|
|       0.985       0.998 |     99.0    |       1.186       0.853 |
|       0.881       0.890 |     95.0    |       1.043       0.772 |
|       0.813       0.819 |     90.0    |       0.951       0.717 |
|       0.722       0.725 |     80.0    |       0.831       0.642 |
|       0.533       0.533 |     50.0    |       0.597       0.478 |
|       0.351       0.348 |     20.0    |       0.394       0.307 |
|       0.269       0.263 |     10.0    |       0.308       0.226 |
|       0.210       0.202 |      5.0    |       0.246       0.170 |
|       0.154       0.144 |      2.0    |       0.188       0.118 |
|       0.123       0.112 |      1.0    |       0.155       0.090 |
|       0.099       0.087 |      0.5    |       0.128       0.070 |
|       0.075       0.062 |      0.2    |       0.100       0.050 |
|-------------------------|-------------|-------------------------|


<< Systematic Statistics >>
COLDWATER-FLOW-DAY (1-day Min)
----------------------------------------------------------------
|        Log Transform:        |                               |
|          FLOW, cms           |       Number of Events        |
|------------------------------|-------------------------------|
|  Mean                -0.308  |  Historic Events           0  |
|  Standard Dev         0.196  |  High Outliers          0     |
|  Station Skew        -1.073  |  Low Outliers           0     |
|  Regional Skew          ---  |  Zero Events            0     |
|  Weighted Skew          ---  |  Missing Events         0     |
|  Adopted Skew        -1.073  |  Systematic Events        47  |
|------------------------------|-------------------------------|

--- End of Preliminary Results ---




-----------------------
<< High Outlier Test >>
-----------------------
 Based on 47 events, 10 percent outlier test deviate K(N) = 2.744
                        Computed high outlier test value = 1.6982

          0 high outlier(s) identified above test value of 1.6982


----------------------
<< Low Outlier Test >>
----------------------
 Based on 47 events, 10 percent outlier test deviate K(N) = 2.744
                         Computed low outlier test value = 0.1427

           2 low outlier(s) identified below test value of 0.1427


   * * * * * * * * * * * * * * * * * * * * * * * * * * * * * *
   * Note - Collection of historical information and         *
   *        comparison with similar data should be explored, *
   *        if not incorporated in this analysis.            *
   * * * * * * * * * * * * * * * * * * * * * * * * * * * * * *

     Statistics and frequency curve adjusted for 2 low outlier(s)




--- Final Results ---

<< Plotting Positions >>
COLDWATER-FLOW-DAY (1-day Min)
--------------------------------------------------------------------
|     Events Analyzed       |            Ordered Events            |
|                     FLOW  |       Calendar        FLOW  Weibull  |
| Day Mon Year         cms  |  Rank     Year         cms  Plot Pos |
|---------------------------|--------------------------------------|
|  13 Sep 1968       0.850  |    1      1999       1.150   97.92   |
|  01 Sep 1969       0.648  |    2      1976       1.080   95.83   |
|  17 Jan 1970       0.394  |    3      1968       0.850   93.75   |
|  30 Dec 1971       0.292  |    4      2010       0.836   91.67   |
|  01 Jan 1972       0.292  |    5      2011       0.816   89.58   |
|  18 Sep 1973       0.430  |    6      2000       0.780   87.50   |
|  23 Dec 1974       0.566  |    7      1978       0.750   85.42   |
|  12 Jan 1975       0.538  |    8      1996       0.691   83.33   |
|  14 Nov 1976       1.080  |    9      1981       0.686   81.25   |
|  23 Aug 1977       0.558  |   10      2008       0.670   79.17   |
|  31 Dec 1978       0.750  |   11      1991       0.669   77.08   |
|  26 Sep 1979       0.521  |   12      1982       0.667   75.00   |
|  01 Sep 1980       0.667  |   13      1980       0.667   72.92   |
|  19 Sep 1981       0.686  |   14      1969       0.648   70.83   |
|  24 Sep 1982       0.667  |   15      2007       0.616   68.75   |
|  17 Oct 1983       0.488  |   16      1989       0.603   66.67   |
|  31 Dec 1984       0.540  |   17      1990       0.600   64.58   |
|  11 Mar 1985       0.352  |   18      2002       0.570   62.50   |
|  20 Feb 1986       0.400  |   19      1997       0.570   60.42   |
|  03 Oct 1987       0.437  |   20      1974       0.566   58.33   |
|  06 Jan 1988       0.220  |   21      2013       0.562   56.25   |
|  09 Oct 1989       0.603  |   22      1977       0.558   54.17   |
|  19 Feb 1990       0.600  |   23      1984       0.540   52.08   |
|  13 Oct 1991       0.669  |   24      1975       0.538   50.00   |
|  03 Sep 1992       0.451  |   25      1979       0.521   47.92   |
|  24 Nov 1993       0.300  |   26      1995       0.500   45.83   |
|  06 Dec 1994       0.120  |   27      1983       0.488   43.75   |
|  06 Jan 1995       0.500  |   28      2004       0.466   41.67   |
|  28 Aug 1996       0.691  |   29      2012       0.454   39.58   |
|  25 Jan 1997       0.570  |   30      1992       0.451   37.50   |
|  17 Sep 1998       0.415  |   31      1987       0.437   35.42   |
|  23 Sep 1999       1.150  |   32      2001       0.430   33.33   |
|  13 Dec 2000       0.780  |   33      1973       0.430   31.25   |
|  25 Sep 2001       0.430  |   34      1998       0.415   29.17   |
|  31 Oct 2002       0.570  |   35      2005       0.404   27.08   |
|  05 Sep 2003       0.365  |   36      1986       0.400   25.00   |
|  18 Aug 2004       0.466  |   37      1970       0.394   22.92   |
|  16 Aug 2005       0.404  |   38      2009       0.378   20.83   |
|  12 Sep 2006       0.322  |   39      2003       0.365   18.75   |
|  15 Sep 2007       0.616  |   40      1985       0.352   16.67   |
|  23 Jan 2008       0.670  |   41      2006       0.322   14.58   |
|  01 Sep 2009       0.378  |   42      1993       0.300   12.50   |
|  26 Aug 2010       0.836  |   43      1972       0.292   10.42   |
|  15 Sep 2011       0.816  |   44      1971       0.292    8.33   |
|  12 Oct 2012       0.454  |   45      1988       0.220    6.25   |
|  15 Sep 2013       0.562  |   46      2014       0.130*   4.17   |
|  25 Nov 2014       0.130  |   47      1994       0.120*   2.08   |
|---------------------------|--------------------------------------|
                                                        * Outlier



<< Skew Weighting >>
-----------------------------------------------------------------
Based on 47 events, mean-square error of station skew =     0.228
Mean-square error of regional skew is undefined.
-----------------------------------------------------------------


<< Frequency Curve >>
COLDWATER-FLOW-DAY (1-day Min)
-------------------------------------------------------------------
|  Computed    Expected   |   Percent   |    Confidence Limits    |
|    Curve    Probability | Chance Non- |        0.05        0.95 |
|        FLOW, cms        | Exceedance  |        FLOW, cms        |
|-------------------------|-------------|-------------------------|
|       0.985       0.998 |     99.0    |       1.186       0.853 |
|       0.881       0.890 |     95.0    |       1.043       0.772 |
|       0.813       0.819 |     90.0    |       0.951       0.717 |
|       0.722       0.725 |     80.0    |       0.831       0.642 |
|       0.533       0.533 |     50.0    |       0.597       0.478 |
|       0.351       0.348 |     20.0    |       0.394       0.307 |
|       0.269       0.263 |     10.0    |       0.308       0.226 |
|       0.210       0.202 |      5.0    |       0.246       0.170 |
|       0.154       0.144 |      2.0    |       0.188       0.118 |
|       0.123       0.112 |      1.0    |       0.155       0.090 |
|       0.099       0.087 |      0.5    |       0.128       0.070 |
|       0.075       0.062 |      0.2    |       0.100       0.050 |
|-------------------------|-------------|-------------------------|


<< Systematic Statistics >>
COLDWATER-FLOW-DAY (1-day Min)
----------------------------------------------------------------
|        Log Transform:        |                               |
|          FLOW, cms           |       Number of Events        |
|------------------------------|-------------------------------|
|  Mean                -0.308  |  Historic Events           0  |
|  Standard Dev         0.196  |  High Outliers          0     |
|  Station Skew        -1.073  |  Low Outliers           2     |
|  Regional Skew          ---  |  Zero Events            0     |
|  Weighted Skew          ---  |  Missing Events         0     |
|  Adopted Skew        -1.073  |  Systematic Events        47  |
|------------------------------|-------------------------------|

--- End of Analytical Frequency Curve ---

Note: No ordinates specified for graphical frequency curve




====================================================================
Statistical Analysis of 3-day Minimum values
====================================================================

Note: Data are missing for all or part of 1 years in analysis period.


Warning: 2 events occur in first 8 days of analysis year for 3-day duration.

Suggest reviewing data and changing the year/season specification on the General tab to capture independent max/min volumes.

--- Preliminary Results ---


<< Skew Weighting >>
-----------------------------------------------------------------
Based on 47 events, mean-square error of station skew =     0.163
Mean-square error of regional skew is undefined.
-----------------------------------------------------------------


<< Frequency Curve >>
COLDWATER-FLOW-DAY (3-day Min)
-------------------------------------------------------------------
|  Computed    Expected   |   Percent   |    Confidence Limits    |
|    Curve    Probability | Chance Non- |        0.05        0.95 |
|        FLOW, cms        | Exceedance  |        FLOW, cms        |
|-------------------------|-------------|-------------------------|
|       1.093       1.118 |     99.0    |       1.323       0.945 |
|       0.930       0.942 |     95.0    |       1.096       0.818 |
|       0.840       0.848 |     90.0    |       0.975       0.746 |
|       0.733       0.736 |     80.0    |       0.835       0.657 |
|       0.537       0.537 |     50.0    |       0.596       0.486 |
|       0.368       0.365 |     20.0    |       0.410       0.324 |
|       0.294       0.288 |     10.0    |       0.333       0.251 |
|       0.240       0.233 |      5.0    |       0.278       0.198 |
|       0.188       0.178 |      2.0    |       0.224       0.149 |
|       0.158       0.147 |      1.0    |       0.192       0.121 |
|       0.134       0.122 |      0.5    |       0.167       0.099 |
|       0.109       0.095 |      0.2    |       0.139       0.077 |
|-------------------------|-------------|-------------------------|


<< Systematic Statistics >>
COLDWATER-FLOW-DAY (3-day Min)
----------------------------------------------------------------
|        Log Transform:        |                               |
|          FLOW, cms           |       Number of Events        |
|------------------------------|-------------------------------|
|  Mean                -0.291  |  Historic Events           0  |
|  Standard Dev         0.181  |  High Outliers          0     |
|  Station Skew        -0.687  |  Low Outliers           0     |
|  Regional Skew          ---  |  Zero Events            0     |
|  Weighted Skew          ---  |  Missing Events         0     |
|  Adopted Skew        -0.687  |  Systematic Events        47  |
|------------------------------|-------------------------------|

--- End of Preliminary Results ---




-----------------------
<< High Outlier Test >>
-----------------------
 Based on 47 events, 10 percent outlier test deviate K(N) = 2.744
                        Computed high outlier test value = 1.6108

          0 high outlier(s) identified above test value of 1.6108


----------------------
<< Low Outlier Test >>
----------------------
 Based on 47 events, 10 percent outlier test deviate K(N) = 2.744
                         Computed low outlier test value = 0.1629

           1 low outlier(s) identified below test value of 0.1629


   * * * * * * * * * * * * * * * * * * * * * * * * * * * * * *
   * Note - Collection of historical information and         *
   *        comparison with similar data should be explored, *
   *        if not incorporated in this analysis.            *
   * * * * * * * * * * * * * * * * * * * * * * * * * * * * * *

     Statistics and frequency curve adjusted for 1 low outlier(s)




--- Final Results ---

<< Plotting Positions >>
COLDWATER-FLOW-DAY (3-day Min)
--------------------------------------------------------------------
|     Events Analyzed       |            Ordered Events            |
|                     FLOW  |       Calendar        FLOW  Weibull  |
| Day Mon Year         cms  |  Rank     Year         cms  Plot Pos |
|---------------------------|--------------------------------------|
|  13 Sep 1968       0.869  |    1      1999       1.183   97.92   |
|  13 Sep 1969       0.660  |    2      1976       1.093   95.83   |
|  18 Jan 1970       0.395  |    3      1968       0.869   93.75   |
|  31 Dec 1971       0.293  |    4      2010       0.859   91.67   |
|  01 Jan 1972       0.292  |    5      2011       0.830   89.58   |
|  18 Sep 1973       0.435  |    6      2000       0.783   87.50   |
|  24 Dec 1974       0.576  |    7      1978       0.779   85.42   |
|  13 Jan 1975       0.557  |    8      1980       0.709   83.33   |
|  16 Oct 1976       1.093  |    9      1981       0.701   81.25   |
|  23 Aug 1977       0.562  |   10      1996       0.699   79.17   |
|  31 Dec 1978       0.779  |   11      1982       0.691   77.08   |
|  27 Sep 1979       0.526  |   12      2008       0.690   75.00   |
|  01 Sep 1980       0.709  |   13      1991       0.684   72.92   |
|  20 Sep 1981       0.701  |   14      1990       0.683   70.83   |
|  24 Sep 1982       0.691  |   15      1969       0.660   68.75   |
|  17 Oct 1983       0.498  |   16      2007       0.618   66.67   |
|  31 Dec 1984       0.577  |   17      1989       0.615   64.58   |
|  12 Mar 1985       0.397  |   18      1997       0.597   62.50   |
|  20 Feb 1986       0.410  |   19      2013       0.589   60.42   |
|  11 Oct 1987       0.446  |   20      2002       0.577   58.33   |
|  07 Jan 1988       0.228  |   21      1984       0.577   56.25   |
|  09 Oct 1989       0.615  |   22      1974       0.576   54.17   |
|  21 Feb 1990       0.683  |   23      1977       0.562   52.08   |
|  15 Oct 1991       0.684  |   24      1975       0.557   50.00   |
|  03 Sep 1992       0.456  |   25      1995       0.530   47.92   |
|  26 Nov 1993       0.323  |   26      1979       0.526   45.83   |
|  07 Dec 1994       0.193  |   27      1983       0.498   43.75   |
|  28 Sep 1995       0.530  |   28      2004       0.482   41.67   |
|  29 Aug 1996       0.699  |   29      2012       0.459   39.58   |
|  26 Jan 1997       0.597  |   30      1992       0.456   37.50   |
|  18 Sep 1998       0.416  |   31      1987       0.446   35.42   |
|  24 Sep 1999       1.183  |   32      2001       0.438   33.33   |
|  14 Dec 2000       0.783  |   33      1973       0.435   31.25   |
|  26 Sep 2001       0.438  |   34      1998       0.416   29.17   |
|  01 Nov 2002       0.577  |   35      2005       0.412   27.08   |
|  06 Sep 2003       0.368  |   36      1986       0.410   25.00   |
|  19 Aug 2004       0.482  |   37      1985       0.397   22.92   |
|  16 Aug 2005       0.412  |   38      1970       0.395   20.83   |
|  12 Sep 2006       0.328  |   39      2009       0.385   18.75   |
|  16 Sep 2007       0.618  |   40      2003       0.368   16.67   |
|  29 Jan 2008       0.690  |   41      2006       0.328   14.58   |
|  02 Sep 2009       0.385  |   42      1993       0.323   12.50   |
|  26 Aug 2010       0.859  |   43      1971       0.293   10.42   |
|  16 Sep 2011       0.830  |   44      1972       0.292    8.33   |
|  12 Oct 2012       0.459  |   45      1988       0.228    6.25   |
|  15 Sep 2013       0.589  |   46      1994       0.193    4.17   |
|  26 Nov 2014       0.149  |   47      2014       0.149*   2.08   |
|---------------------------|--------------------------------------|
                                                        * Outlier



<< Skew Weighting >>
-----------------------------------------------------------------
Based on 47 events, mean-square error of station skew =     0.163
Mean-square error of regional skew is undefined.
-----------------------------------------------------------------


<< Frequency Curve >>
COLDWATER-FLOW-DAY (3-day Min)
-------------------------------------------------------------------
|  Computed    Expected   |   Percent   |    Confidence Limits    |
|    Curve    Probability | Chance Non- |        0.05        0.95 |
|        FLOW, cms        | Exceedance  |        FLOW, cms        |
|-------------------------|-------------|-------------------------|
|       1.093       1.118 |     99.0    |       1.323       0.945 |
|       0.930       0.942 |     95.0    |       1.096       0.818 |
|       0.840       0.848 |     90.0    |       0.975       0.746 |
|       0.733       0.736 |     80.0    |       0.835       0.657 |
|       0.537       0.537 |     50.0    |       0.596       0.486 |
|       0.368       0.365 |     20.0    |       0.410       0.324 |
|       0.294       0.288 |     10.0    |       0.333       0.251 |
|       0.240       0.233 |      5.0    |       0.278       0.198 |
|       0.188       0.178 |      2.0    |       0.224       0.149 |
|       0.158       0.147 |      1.0    |       0.192       0.121 |
|       0.134       0.122 |      0.5    |       0.167       0.099 |
|       0.109       0.095 |      0.2    |       0.139       0.077 |
|-------------------------|-------------|-------------------------|


<< Systematic Statistics >>
COLDWATER-FLOW-DAY (3-day Min)
----------------------------------------------------------------
|        Log Transform:        |                               |
|          FLOW, cms           |       Number of Events        |
|------------------------------|-------------------------------|
|  Mean                -0.291  |  Historic Events           0  |
|  Standard Dev         0.181  |  High Outliers          0     |
|  Station Skew        -0.687  |  Low Outliers           1     |
|  Regional Skew          ---  |  Zero Events            0     |
|  Weighted Skew          ---  |  Missing Events         0     |
|  Adopted Skew        -0.687  |  Systematic Events        47  |
|------------------------------|-------------------------------|

--- End of Analytical Frequency Curve ---

Note: No ordinates specified for graphical frequency curve




====================================================================
Statistical Analysis of 7-day Minimum values
====================================================================

Note: Data are missing for all or part of 1 years in analysis period.


Warning: 2 events occur in first 12 days of analysis year for 7-day duration.

Suggest reviewing data and changing the year/season specification on the General tab to capture independent max/min volumes.


-----------------------
<< High Outlier Test >>
-----------------------
 Based on 47 events, 10 percent outlier test deviate K(N) = 2.744
                        Computed high outlier test value = 1.5264

          0 high outlier(s) identified above test value of 1.5264


----------------------
<< Low Outlier Test >>
----------------------
 Based on 47 events, 10 percent outlier test deviate K(N) = 2.744
                         Computed low outlier test value = 0.2004

           0 low outlier(s) identified below test value of 0.2004





--- Final Results ---

<< Plotting Positions >>
COLDWATER-FLOW-DAY (7-day Min)
--------------------------------------------------------------------
|     Events Analyzed       |            Ordered Events            |
|                     FLOW  |       Calendar        FLOW  Weibull  |
| Day Mon Year         cms  |  Rank     Year         cms  Plot Pos |
|---------------------------|--------------------------------------|
|  14 Sep 1968       0.910  |    1      1999       1.256   97.92   |
|  16 Sep 1969       0.665  |    2      1976       1.094   95.83   |
|  19 Jan 1970       0.400  |    3      1968       0.910   93.75   |
|  31 Dec 1971       0.299  |    4      2010       0.900   91.67   |
|  03 Jan 1972       0.294  |    5      1978       0.850   89.58   |
|  19 Sep 1973       0.450  |    6      2011       0.842   87.50   |
|  28 Dec 1974       0.593  |    7      1980       0.820   85.42   |
|  11 Feb 1975       0.603  |    8      2000       0.800   83.33   |
|  21 Oct 1976       1.094  |    9      1990       0.769   81.25   |
|  24 Aug 1977       0.573  |   10      1982       0.736   79.17   |
|  31 Dec 1978       0.850  |   11      1981       0.734   77.08   |
|  27 Sep 1979       0.539  |   12      1996       0.725   75.00   |
|  12 Sep 1980       0.820  |   13      1991       0.718   72.92   |
|  21 Sep 1981       0.734  |   14      2008       0.714   70.83   |
|  25 Sep 1982       0.736  |   15      1997       0.706   68.75   |
|  19 Oct 1983       0.510  |   16      1984       0.693   66.67   |
|  31 Dec 1984       0.693  |   17      1969       0.665   64.58   |
|  04 Sep 1985       0.439  |   18      2013       0.653   62.50   |
|  21 Feb 1986       0.438  |   19      1989       0.637   60.42   |
|  15 Oct 1987       0.449  |   20      2007       0.625   58.33   |
|  10 Jan 1988       0.237  |   21      1975       0.603   56.25   |
|  09 Oct 1989       0.637  |   22      2002       0.593   54.17   |
|  01 Oct 1990       0.769  |   23      1974       0.593   52.08   |
|  15 Oct 1991       0.718  |   24      1977       0.573   50.00   |
|  03 Sep 1992       0.471  |   25      1979       0.539   47.92   |
|  28 Nov 1993       0.456  |   26      1995       0.537   45.83   |
|  30 Sep 1994       0.259  |   27      1983       0.510   43.75   |
|  29 Sep 1995       0.537  |   28      2004       0.495   41.67   |
|  30 Aug 1996       0.725  |   29      2012       0.471   39.58   |
|  29 Jan 1997       0.706  |   30      1992       0.471   37.50   |
|  18 Sep 1998       0.426  |   31      1993       0.456   35.42   |
|  24 Sep 1999       1.256  |   32      1973       0.450   33.33   |
|  17 Dec 2000       0.800  |   33      2001       0.449   31.25   |
|  26 Sep 2001       0.449  |   34      1987       0.449   29.17   |
|  02 Nov 2002       0.593  |   35      1985       0.439   27.08   |
|  10 Sep 2003       0.371  |   36      1986       0.438   25.00   |
|  21 Aug 2004       0.495  |   37      2005       0.433   22.92   |
|  17 Aug 2005       0.433  |   38      1998       0.426   20.83   |
|  12 Sep 2006       0.332  |   39      2009       0.416   18.75   |
|  19 Sep 2007       0.625  |   40      1970       0.400   16.67   |
|  28 Jan 2008       0.714  |   41      2003       0.371   14.58   |
|  02 Sep 2009       0.416  |   42      2014       0.369   12.50   |
|  27 Aug 2010       0.900  |   43      2006       0.332   10.42   |
|  18 Sep 2011       0.842  |   44      1971       0.299    8.33   |
|  13 Oct 2012       0.471  |   45      1972       0.294    6.25   |
|  16 Sep 2013       0.653  |   46      1994       0.259    4.17   |
|  26 Nov 2014       0.369  |   47      1988       0.237    2.08   |
|---------------------------|--------------------------------------|



<< Skew Weighting >>
-----------------------------------------------------------------
Based on 47 events, mean-square error of station skew =     0.121
Mean-square error of regional skew is undefined.
-----------------------------------------------------------------


<< Frequency Curve >>
COLDWATER-FLOW-DAY (7-day Min)
-------------------------------------------------------------------
|  Computed    Expected   |   Percent   |    Confidence Limits    |
|    Curve    Probability | Chance Non- |        0.05        0.95 |
|        FLOW, cms        | Exceedance  |        FLOW, cms        |
|-------------------------|-------------|-------------------------|
|       1.245       1.289 |     99.0    |       1.511       1.077 |
|       0.997       1.014 |     95.0    |       1.164       0.884 |
|       0.882       0.891 |     90.0    |       1.010       0.791 |
|       0.757       0.762 |     80.0    |       0.850       0.688 |
|       0.559       0.559 |     50.0    |       0.612       0.511 |
|       0.407       0.404 |     20.0    |       0.448       0.363 |
|       0.342       0.338 |     10.0    |       0.381       0.298 |
|       0.295       0.289 |      5.0    |       0.334       0.251 |
|       0.250       0.241 |      2.0    |       0.288       0.206 |
|       0.223       0.213 |      1.0    |       0.261       0.180 |
|       0.200       0.189 |      0.5    |       0.237       0.159 |
|       0.176       0.162 |      0.2    |       0.212       0.136 |
|-------------------------|-------------|-------------------------|


<< Systematic Statistics >>
COLDWATER-FLOW-DAY (7-day Min)
----------------------------------------------------------------
|        Log Transform:        |                               |
|          FLOW, cms           |       Number of Events        |
|------------------------------|-------------------------------|
|  Mean                -0.257  |  Historic Events           0  |
|  Standard Dev         0.161  |  High Outliers          0     |
|  Station Skew        -0.180  |  Low Outliers           0     |
|  Regional Skew          ---  |  Zero Events            0     |
|  Weighted Skew          ---  |  Missing Events         0     |
|  Adopted Skew        -0.180  |  Systematic Events        47  |
|------------------------------|-------------------------------|

--- End of Analytical Frequency Curve ---

Note: No ordinates specified for graphical frequency curve




====================================================================
Statistical Analysis of 15-day Minimum values
====================================================================

Note: Data are missing for all or part of 1 years in analysis period.


Warning: 3 events occur in first 20 days of analysis year for 15-day duration.

Suggest reviewing data and changing the year/season specification on the General tab to capture independent max/min volumes.


-----------------------
<< High Outlier Test >>
-----------------------
 Based on 47 events, 10 percent outlier test deviate K(N) = 2.744
                        Computed high outlier test value = 1.6769

          0 high outlier(s) identified above test value of 1.6769


----------------------
<< Low Outlier Test >>
----------------------
 Based on 47 events, 10 percent outlier test deviate K(N) = 2.744
                         Computed low outlier test value = 0.2231

           0 low outlier(s) identified below test value of 0.2231





--- Final Results ---

<< Plotting Positions >>
COLDWATER-FLOW-DAY (15-day Min)
--------------------------------------------------------------------
|     Events Analyzed       |            Ordered Events            |
|                     FLOW  |       Calendar        FLOW  Weibull  |
| Day Mon Year         cms  |  Rank     Year         cms  Plot Pos |
|---------------------------|--------------------------------------|
|  14 Sep 1968       1.072  |    1      1999       1.513   97.92   |
|  02 Sep 1969       0.743  |    2      1976       1.099   95.83   |
|  25 Jan 1970       0.422  |    3      1968       1.072   93.75   |
|  31 Dec 1971       0.312  |    4      2010       0.950   91.67   |
|  05 Jan 1972       0.302  |    5      1990       0.924   89.58   |
|  22 Sep 1973       0.533  |    6      1978       0.900   87.50   |
|  31 Dec 1974       0.707  |    7      1982       0.897   85.42   |
|  04 Jan 1975       0.627  |    8      2011       0.869   83.33   |
|  27 Oct 1976       1.099  |    9      1997       0.847   81.25   |
|  28 Aug 1977       0.607  |   10      2000       0.841   79.17   |
|  31 Dec 1978       0.900  |   11      1980       0.829   77.08   |
|  18 Oct 1979       0.561  |   12      1981       0.804   75.00   |
|  12 Sep 1980       0.829  |   13      2008       0.800   72.92   |
|  24 Sep 1981       0.804  |   14      1996       0.787   70.83   |
|  02 Oct 1982       0.897  |   15      1991       0.784   68.75   |
|  21 Oct 1983       0.575  |   16      1984       0.768   66.67   |
|  31 Dec 1984       0.768  |   17      1969       0.743   64.58   |
|  05 Sep 1985       0.469  |   18      2013       0.729   62.50   |
|  22 Feb 1986       0.591  |   19      1974       0.707   60.42   |
|  23 Oct 1987       0.451  |   20      2007       0.683   58.33   |
|  13 Jan 1988       0.317  |   21      1989       0.662   56.25   |
|  09 Oct 1989       0.662  |   22      2002       0.647   54.17   |
|  03 Oct 1990       0.924  |   23      1975       0.627   52.08   |
|  15 Oct 1991       0.784  |   24      1977       0.607   50.00   |
|  04 Sep 1992       0.493  |   25      1986       0.591   47.92   |
|  28 Feb 1993       0.565  |   26      1983       0.575   45.83   |
|  06 Oct 1994       0.297  |   27      1995       0.569   43.75   |
|  29 Sep 1995       0.569  |   28      1993       0.565   41.67   |
|  03 Sep 1996       0.787  |   29      1979       0.561   39.58   |
|  29 Jan 1997       0.847  |   30      2004       0.546   37.50   |
|  18 Sep 1998       0.432  |   31      1973       0.533   35.42   |
|  25 Sep 1999       1.513  |   32      2014       0.532   33.33   |
|  23 Dec 2000       0.841  |   33      1992       0.493   31.25   |
|  26 Sep 2001       0.458  |   34      2012       0.484   29.17   |
|  06 Nov 2002       0.647  |   35      2005       0.476   27.08   |
|  11 Sep 2003       0.392  |   36      1985       0.469   25.00   |
|  23 Aug 2004       0.546  |   37      2009       0.464   22.92   |
|  22 Aug 2005       0.476  |   38      2001       0.458   20.83   |
|  13 Sep 2006       0.355  |   39      1987       0.451   18.75   |
|  20 Sep 2007       0.683  |   40      1998       0.432   16.67   |
|  03 Feb 2008       0.800  |   41      1970       0.422   14.58   |
|  03 Sep 2009       0.464  |   42      2003       0.392   12.50   |
|  01 Sep 2010       0.950  |   43      2006       0.355   10.42   |
|  22 Sep 2011       0.869  |   44      1988       0.317    8.33   |
|  13 Oct 2012       0.484  |   45      1971       0.312    6.25   |
|  22 Sep 2013       0.729  |   46      1972       0.302    4.17   |
|  24 Sep 2014       0.532  |   47      1994       0.297    2.08   |
|---------------------------|--------------------------------------|



<< Skew Weighting >>
-----------------------------------------------------------------
Based on 47 events, mean-square error of station skew =     0.114
Mean-square error of regional skew is undefined.
-----------------------------------------------------------------


<< Frequency Curve >>
COLDWATER-FLOW-DAY (15-day Min)
-------------------------------------------------------------------
|  Computed    Expected   |   Percent   |    Confidence Limits    |
|    Curve    Probability | Chance Non- |        0.05        0.95 |
|        FLOW, cms        | Exceedance  |        FLOW, cms        |
|-------------------------|-------------|-------------------------|
|       1.409       1.463 |     99.0    |       1.717       1.216 |
|       1.111       1.131 |     95.0    |       1.299       0.985 |
|       0.977       0.988 |     90.0    |       1.119       0.877 |
|       0.834       0.839 |     80.0    |       0.936       0.758 |
|       0.614       0.614 |     50.0    |       0.672       0.562 |
|       0.450       0.447 |     20.0    |       0.495       0.401 |
|       0.381       0.376 |     10.0    |       0.424       0.332 |
|       0.332       0.325 |      5.0    |       0.375       0.283 |
|       0.283       0.274 |      2.0    |       0.326       0.235 |
|       0.255       0.244 |      1.0    |       0.297       0.208 |
|       0.231       0.219 |      0.5    |       0.272       0.185 |
|       0.205       0.191 |      0.2    |       0.246       0.161 |
|-------------------------|-------------|-------------------------|


<< Systematic Statistics >>
COLDWATER-FLOW-DAY (15-day Min)
----------------------------------------------------------------
|        Log Transform:        |                               |
|          FLOW, cms           |       Number of Events        |
|------------------------------|-------------------------------|
|  Mean                -0.214  |  Historic Events           0  |
|  Standard Dev         0.160  |  High Outliers          0     |
|  Station Skew        -0.076  |  Low Outliers           0     |
|  Regional Skew          ---  |  Zero Events            0     |
|  Weighted Skew          ---  |  Missing Events         0     |
|  Adopted Skew        -0.076  |  Systematic Events        47  |
|------------------------------|-------------------------------|

--- End of Analytical Frequency Curve ---

Note: No ordinates specified for graphical frequency curve




====================================================================
Statistical Analysis of 30-day Minimum values
====================================================================

Note: Data are missing for all or part of 1 years in analysis period.


Warning: 6 events occur in first 35 days of analysis year for 30-day duration.

Suggest reviewing data and changing the year/season specification on the General tab to capture independent max/min volumes.


-----------------------
<< High Outlier Test >>
-----------------------
 Based on 47 events, 10 percent outlier test deviate K(N) = 2.744
                        Computed high outlier test value = 1.9593

          0 high outlier(s) identified above test value of 1.9593


----------------------
<< Low Outlier Test >>
----------------------
 Based on 47 events, 10 percent outlier test deviate K(N) = 2.744
                         Computed low outlier test value = 0.2457

           0 low outlier(s) identified below test value of 0.2457





--- Final Results ---

<< Plotting Positions >>
COLDWATER-FLOW-DAY (30-day Min)
--------------------------------------------------------------------
|     Events Analyzed       |            Ordered Events            |
|                     FLOW  |       Calendar        FLOW  Weibull  |
| Day Mon Year         cms  |  Rank     Year         cms  Plot Pos |
|---------------------------|--------------------------------------|
|  14 Sep 1968       1.303  |    1      1999       1.754   97.92   |
|  17 Sep 1969       0.758  |    2      1968       1.303   95.83   |
|  08 Feb 1970       0.444  |    3      1976       1.172   93.75   |
|  31 Dec 1971       0.415  |    4      2011       1.085   91.67   |
|  24 Jan 1972       0.313  |    5      1980       1.079   89.58   |
|  15 Jan 1973       0.609  |    6      1990       1.016   87.50   |
|  31 Dec 1974       0.953  |    7      1978       1.014   85.42   |
|  19 Jan 1975       0.641  |    8      1982       1.013   83.33   |
|  31 Oct 1976       1.172  |    9      2010       1.009   81.25   |
|  15 Sep 1977       0.682  |   10      1997       0.965   79.17   |
|  31 Dec 1978       1.014  |   11      1991       0.964   77.08   |
|  17 Oct 1979       0.610  |   12      1974       0.953   75.00   |
|  19 Sep 1980       1.079  |   13      2008       0.949   72.92   |
|  25 Sep 1981       0.937  |   14      1981       0.937   70.83   |
|  24 Jan 1982       1.013  |   15      2000       0.920   68.75   |
|  21 Oct 1983       0.676  |   16      1996       0.887   66.67   |
|  31 Dec 1984       0.878  |   17      1984       0.878   64.58   |
|  05 Sep 1985       0.612  |   18      2007       0.767   62.50   |
|  24 Sep 1986       0.661  |   19      1969       0.758   60.42   |
|  30 Oct 1987       0.460  |   20      2013       0.752   58.33   |
|  21 Jan 1988       0.427  |   21      1989       0.742   56.25   |
|  10 Oct 1989       0.742  |   22      2002       0.699   54.17   |
|  03 Oct 1990       1.016  |   23      1993       0.684   52.08   |
|  20 Oct 1991       0.964  |   24      1977       0.682   50.00   |
|  12 Sep 1992       0.603  |   25      1995       0.678   47.92   |
|  25 Jan 1993       0.684  |   26      1983       0.676   45.83   |
|  13 Oct 1994       0.328  |   27      1986       0.661   43.75   |
|  02 Oct 1995       0.678  |   28      2004       0.644   41.67   |
|  14 Sep 1996       0.887  |   29      1975       0.641   39.58   |
|  14 Sep 1997       0.965  |   30      1985       0.612   37.50   |
|  25 Sep 1998       0.459  |   31      1979       0.610   35.42   |
|  07 Oct 1999       1.754  |   32      1973       0.609   33.33   |
|  27 Dec 2000       0.920  |   33      1992       0.603   31.25   |
|  09 Oct 2001       0.480  |   34      2014       0.581   29.17   |
|  09 Oct 2002       0.699  |   35      2012       0.515   27.08   |
|  16 Sep 2003       0.429  |   36      2009       0.505   25.00   |
|  25 Aug 2004       0.644  |   37      2005       0.490   22.92   |
|  08 Sep 2005       0.490  |   38      2001       0.480   20.83   |
|  14 Sep 2006       0.392  |   39      1987       0.460   18.75   |
|  28 Sep 2007       0.767  |   40      1998       0.459   16.67   |
|  14 Feb 2008       0.949  |   41      1970       0.444   14.58   |
|  15 Oct 2009       0.505  |   42      2003       0.429   12.50   |
|  12 Sep 2010       1.009  |   43      1988       0.427   10.42   |
|  26 Sep 2011       1.085  |   44      1971       0.415    8.33   |
|  14 Oct 2012       0.515  |   45      2006       0.392    6.25   |
|  22 Sep 2013       0.752  |   46      1994       0.328    4.17   |
|  11 Oct 2014       0.581  |   47      1972       0.313    2.08   |
|---------------------------|--------------------------------------|



<< Skew Weighting >>
-----------------------------------------------------------------
Based on 47 events, mean-square error of station skew =     0.111
Mean-square error of regional skew is undefined.
-----------------------------------------------------------------


<< Frequency Curve >>
COLDWATER-FLOW-DAY (30-day Min)
-------------------------------------------------------------------
|  Computed    Expected   |   Percent   |    Confidence Limits    |
|    Curve    Probability | Chance Non- |        0.05        0.95 |
|        FLOW, cms        | Exceedance  |        FLOW, cms        |
|-------------------------|-------------|-------------------------|
|       1.660       1.728 |     99.0    |       2.039       1.424 |
|       1.289       1.314 |     95.0    |       1.515       1.138 |
|       1.125       1.139 |     90.0    |       1.295       1.007 |
|       0.954       0.960 |     80.0    |       1.074       0.865 |
|       0.695       0.695 |     50.0    |       0.762       0.634 |
|       0.505       0.502 |     20.0    |       0.557       0.449 |
|       0.427       0.422 |     10.0    |       0.477       0.371 |
|       0.371       0.364 |      5.0    |       0.421       0.315 |
|       0.317       0.307 |      2.0    |       0.366       0.262 |
|       0.286       0.274 |      1.0    |       0.333       0.232 |
|       0.259       0.246 |      0.5    |       0.306       0.207 |
|       0.231       0.215 |      0.2    |       0.277       0.180 |
|-------------------------|-------------|-------------------------|


<< Systematic Statistics >>
COLDWATER-FLOW-DAY (30-day Min)
----------------------------------------------------------------
|        Log Transform:        |                               |
|          FLOW, cms           |       Number of Events        |
|------------------------------|-------------------------------|
|  Mean                -0.159  |  Historic Events           0  |
|  Standard Dev         0.164  |  High Outliers          0     |
|  Station Skew        -0.028  |  Low Outliers           0     |
|  Regional Skew          ---  |  Zero Events            0     |
|  Weighted Skew          ---  |  Missing Events         0     |
|  Adopted Skew        -0.028  |  Systematic Events        47  |
|------------------------------|-------------------------------|

--- End of Analytical Frequency Curve ---

Note: No ordinates specified for graphical frequency curve

