-----------------------------
Volume-Duration Analysis
   30 Jan 2017   11:10 AM
-----------------------------


--- Input Data ---

Analysis Name: Slocan_Freq
Description: 

Data Set Name: Slocan-FLOW-DAY
DSS File Name: H:\A_Data_For_CARL\SLOCAN RIVER NEAR CRESCENT VALLEY\Slocan\Slocan.dss
DSS Pathname: ///FLOW-DAY//1DAY//

Project Path: H:\A_Data_For_CARL\SLOCAN RIVER NEAR CRESCENT VALLEY\Slocan
Report File Name: H:\A_Data_For_CARL\SLOCAN RIVER NEAR CRESCENT VALLEY\Slocan\VolumeFrequencyAnalysisResults\Slocan_Freq\Slocan_Freq.rpt
Result File Name: H:\A_Data_For_CARL\SLOCAN RIVER NEAR CRESCENT VALLEY\Slocan\VolumeFrequencyAnalysisResults\Slocan_Freq\Slocan_Freq.xml

Analyze Minimums

Analysis Year: Calendar Year

Record Start Date: 01 Jan 1933
Record End Date:   31 Dec 2015


User-Specified Durations
   Duration:   1 day
   Duration:   3 days
   Duration:   7 days
   Duration:  15 days
   Duration:  30 days

Plotting Position Type: Weibull

Probability Distribution Type: Pearson Type III
Use Log Transform
Compute Expected Probability Curve

Upper Confidence Level: 0.05
Lower Confidence Level: 0.95

Use Default Frequencies

Skew Option: Use Station Skew

Display ordinate values using 3 digits in fraction part of value

--- End of Input Data ---




====================================================================
Statistical Analysis of 1-day Minimum values
====================================================================

Note: Data are missing for all or part of 0 years in analysis period.


Warning: 4 events occur in first 6 days of analysis year for 1-day duration.

Suggest reviewing data and changing the year/season specification on the General tab to capture independent max/min volumes.

--- Preliminary Results ---


<< Skew Weighting >>
-----------------------------------------------------------------
Based on 83 events, mean-square error of station skew =     0.086
Mean-square error of regional skew is undefined.
-----------------------------------------------------------------


<< Frequency Curve >>
Slocan-FLOW-DAY (1-day Min)
-------------------------------------------------------------------
|  Computed    Expected   |   Percent   |    Confidence Limits    |
|    Curve    Probability | Chance Non- |        0.05        0.95 |
|        FLOW, cms        | Exceedance  |        FLOW, cms        |
|-------------------------|-------------|-------------------------|
|      27.540      27.774 |     99.0    |      29.615      25.968 |
|      24.847      24.960 |     95.0    |      26.394      23.636 |
|      23.409      23.479 |     90.0    |      24.707      22.368 |
|      21.680      21.716 |     80.0    |      22.716      20.813 |
|      18.451      18.451 |     50.0    |      19.157      17.779 |
|      15.397      15.363 |     20.0    |      16.032      14.705 |
|      13.894      13.832 |     10.0    |      14.559      13.140 |
|      12.709      12.617 |      5.0    |      13.413      11.899 |
|      11.442      11.303 |      2.0    |      12.190      10.574 |
|      10.638      10.462 |      1.0    |      11.414       9.738 |
|       9.932       9.717 |      0.5    |      10.730       9.008 |
|       9.115       8.849 |      0.2    |       9.934       8.171 |
|-------------------------|-------------|-------------------------|


<< Systematic Statistics >>
Slocan-FLOW-DAY (1-day Min)
----------------------------------------------------------------
|        Log Transform:        |                               |
|          FLOW, cms           |       Number of Events        |
|------------------------------|-------------------------------|
|  Mean                 1.260  |  Historic Events           0  |
|  Standard Dev         0.089  |  High Outliers          0     |
|  Station Skew        -0.408  |  Low Outliers           0     |
|  Regional Skew          ---  |  Zero Events            0     |
|  Weighted Skew          ---  |  Missing Events         0     |
|  Adopted Skew        -0.408  |  Systematic Events        83  |
|------------------------------|-------------------------------|

--- End of Preliminary Results ---




-----------------------
<< High Outlier Test >>
-----------------------
 Based on 83 events, 10 percent outlier test deviate K(N) = 2.953
                       Computed high outlier test value = 33.3153

         0 high outlier(s) identified above test value of 33.3153


----------------------
<< Low Outlier Test >>
----------------------
 Based on 83 events, 10 percent outlier test deviate K(N) = 2.953
                         Computed low outlier test value = 9.9387

           1 low outlier(s) identified below test value of 9.9387


   * * * * * * * * * * * * * * * * * * * * * * * * * * * * * *
   * Note - Collection of historical information and         *
   *        comparison with similar data should be explored, *
   *        if not incorporated in this analysis.            *
   * * * * * * * * * * * * * * * * * * * * * * * * * * * * * *

     Statistics and frequency curve adjusted for 1 low outlier(s)




--- Final Results ---

<< Plotting Positions >>
Slocan-FLOW-DAY (1-day Min)
--------------------------------------------------------------------
|     Events Analyzed       |            Ordered Events            |
|                     FLOW  |       Calendar        FLOW  Weibull  |
| Day Mon Year         cms  |  Rank     Year         cms  Plot Pos |
|---------------------------|--------------------------------------|
|  09 Feb 1933      12.000  |    1      1981      29.200   98.81   |
|  19 Oct 1934      24.000  |    2      1996      27.800   97.62   |
|  23 Dec 1935      18.900  |    3      1951      26.000   96.43   |
|  02 Dec 1936      13.900  |    4      1983      25.800   95.24   |
|  16 Jan 1937       8.500  |    5      2015      25.300   94.05   |
|  27 Feb 1938      18.200  |    6      1963      25.200   92.86   |
|  16 Mar 1939      15.400  |    7      1982      24.600   91.67   |
|  17 Dec 1940      21.800  |    8      2005      24.400   90.48   |
|  26 Feb 1941      18.000  |    9      1934      24.000   89.29   |
|  08 Dec 1942      18.500  |   10      1997      23.900   88.10   |
|  17 Jan 1943      11.700  |   11      1999      23.500   86.90   |
|  16 Mar 1944      13.800  |   12      1998      23.100   85.71   |
|  05 Mar 1945      16.300  |   13      1965      22.800   84.52   |
|  21 Feb 1946      16.700  |   14      1990      22.700   83.33   |
|  15 Jan 1947      17.800  |   15      2013      22.600   82.14   |
|  20 Mar 1948      16.100  |   16      1940      21.800   80.95   |
|  07 Feb 1949      13.400  |   17      1967      21.200   79.76   |
|  03 Mar 1950      17.400  |   18      1971      20.800   78.57   |
|  19 Mar 1951      26.000  |   19      1961      20.600   77.38   |
|  30 Nov 1952      13.000  |   20      1984      20.400   76.19   |
|  01 Jan 1953      14.400  |   21      2010      20.200   75.00   |
|  11 Feb 1954      18.600  |   22      1970      20.000   73.81   |
|  25 Mar 1955      16.900  |   23      1976      19.900   72.62   |
|  16 Mar 1956      17.600  |   24      1960      19.900   71.43   |
|  06 Mar 1957      17.100  |   25      1986      19.800   70.24   |
|  09 Jan 1958      19.600  |   26      2006      19.700   69.05   |
|  17 Mar 1959      18.100  |   27      1958      19.600   67.86   |
|  17 Mar 1960      19.900  |   28      1968      19.500   66.67   |
|  27 Dec 1961      20.600  |   29      2007      19.000   65.48   |
|  25 Jan 1962      17.000  |   30      2004      19.000   64.29   |
|  31 Dec 1963      25.200  |   31      1966      19.000   63.10   |
|  08 Mar 1964      17.100  |   32      1935      18.900   61.90   |
|  04 Feb 1965      22.800  |   33      2002      18.700   60.71   |
|  04 Mar 1966      19.000  |   34      1991      18.700   59.52   |
|  14 Mar 1967      21.200  |   35      1954      18.600   58.33   |
|  31 Dec 1968      19.500  |   36      1942      18.500   57.14   |
|  29 Jan 1969      17.100  |   37      2011      18.400   55.95   |
|  04 Mar 1970      20.000  |   38      2003      18.400   54.76   |
|  01 Jan 1971      20.800  |   39      1938      18.200   53.57   |
|  31 Jan 1972      18.000  |   40      1959      18.100   52.38   |
|  24 Feb 1973      17.700  |   41      2000      18.000   51.19   |
|  31 Dec 1974      17.900  |   42      1972      18.000   50.00   |
|  11 Jan 1975      16.000  |   43      1941      18.000   48.81   |
|  04 Mar 1976      19.900  |   44      1974      17.900   47.62   |
|  08 Jan 1977      16.300  |   45      1947      17.800   46.43   |
|  03 Mar 1978      15.700  |   46      1989      17.700   45.24   |
|  05 Feb 1979      16.700  |   47      1973      17.700   44.05   |
|  31 Jan 1980      13.800  |   48      2009      17.600   42.86   |
|  10 Feb 1981      29.200  |   49      1956      17.600   41.67   |
|  10 Feb 1982      24.600  |   50      1995      17.500   40.48   |
|  02 Jan 1983      25.800  |   51      1950      17.400   39.29   |
|  30 Dec 1984      20.400  |   52      1969      17.100   38.10   |
|  11 Mar 1985      15.400  |   53      1964      17.100   36.90   |
|  14 Feb 1986      19.800  |   54      1957      17.100   35.71   |
|  26 Feb 1987      16.700  |   55      2014      17.000   34.52   |
|  01 Feb 1988      15.200  |   56      1994      17.000   33.33   |
|  05 Mar 1989      17.700  |   57      1962      17.000   32.14   |
|  06 Mar 1990      22.700  |   58      2012      16.900   30.95   |
|  31 Dec 1991      18.700  |   59      1955      16.900   29.76   |
|  29 Dec 1992      16.300  |   60      1987      16.700   28.57   |
|  17 Feb 1993      14.400  |   61      1979      16.700   27.38   |
|  08 Feb 1994      17.000  |   62      1946      16.700   26.19   |
|  04 Jan 1995      17.500  |   63      1992      16.300   25.00   |
|  08 Mar 1996      27.800  |   64      1977      16.300   23.81   |
|  05 Mar 1997      23.900  |   65      1945      16.300   22.62   |
|  02 Oct 1998      23.100  |   66      1948      16.100   21.43   |
|  21 Feb 1999      23.500  |   67      1975      16.000   20.24   |
|  13 Dec 2000      18.000  |   68      2008      15.900   19.05   |
|  04 Mar 2001      14.500  |   69      1978      15.700   17.86   |
|  06 Nov 2002      18.700  |   70      1985      15.400   16.67   |
|  25 Feb 2003      18.400  |   71      1939      15.400   15.48   |
|  23 Feb 2004      19.000  |   72      1988      15.200   14.29   |
|  15 Jan 2005      24.400  |   73      2001      14.500   13.10   |
|  02 Nov 2006      19.700  |   74      1993      14.400   11.90   |
|  02 Feb 2007      19.000  |   75      1953      14.400   10.71   |
|  25 Jan 2008      15.900  |   76      1936      13.900    9.52   |
|  11 Mar 2009      17.600  |   77      1980      13.800    8.33   |
|  23 Feb 2010      20.200  |   78      1944      13.800    7.14   |
|  23 Dec 2011      18.400  |   79      1949      13.400    5.95   |
|  16 Feb 2012      16.900  |   80      1952      13.000    4.76   |
|  22 Feb 2013      22.600  |   81      1933      12.000    3.57   |
|  02 Mar 2014      17.000  |   82      1943      11.700    2.38   |
|  26 Oct 2015      25.300  |   83      1937       8.500*   1.19   |
|---------------------------|--------------------------------------|
                                                        * Outlier



<< Skew Weighting >>
-----------------------------------------------------------------
Based on 83 events, mean-square error of station skew =     0.086
Mean-square error of regional skew is undefined.
-----------------------------------------------------------------


<< Frequency Curve >>
Slocan-FLOW-DAY (1-day Min)
-------------------------------------------------------------------
|  Computed    Expected   |   Percent   |    Confidence Limits    |
|    Curve    Probability | Chance Non- |        0.05        0.95 |
|        FLOW, cms        | Exceedance  |        FLOW, cms        |
|-------------------------|-------------|-------------------------|
|      27.540      27.774 |     99.0    |      29.615      25.968 |
|      24.847      24.960 |     95.0    |      26.394      23.636 |
|      23.409      23.479 |     90.0    |      24.707      22.368 |
|      21.680      21.716 |     80.0    |      22.716      20.813 |
|      18.451      18.451 |     50.0    |      19.157      17.779 |
|      15.397      15.363 |     20.0    |      16.032      14.705 |
|      13.894      13.832 |     10.0    |      14.559      13.140 |
|      12.709      12.617 |      5.0    |      13.413      11.899 |
|      11.442      11.303 |      2.0    |      12.190      10.574 |
|      10.638      10.462 |      1.0    |      11.414       9.738 |
|       9.932       9.717 |      0.5    |      10.730       9.008 |
|       9.115       8.849 |      0.2    |       9.934       8.171 |
|-------------------------|-------------|-------------------------|


<< Systematic Statistics >>
Slocan-FLOW-DAY (1-day Min)
----------------------------------------------------------------
|        Log Transform:        |                               |
|          FLOW, cms           |       Number of Events        |
|------------------------------|-------------------------------|
|  Mean                 1.260  |  Historic Events           0  |
|  Standard Dev         0.089  |  High Outliers          0     |
|  Station Skew        -0.408  |  Low Outliers           1     |
|  Regional Skew          ---  |  Zero Events            0     |
|  Weighted Skew          ---  |  Missing Events         0     |
|  Adopted Skew        -0.408  |  Systematic Events        83  |
|------------------------------|-------------------------------|

--- End of Analytical Frequency Curve ---

Note: No ordinates specified for graphical frequency curve




====================================================================
Statistical Analysis of 3-day Minimum values
====================================================================

Note: Data are missing for all or part of 1 years in analysis period.


Warning: 4 events occur in first 8 days of analysis year for 3-day duration.

Suggest reviewing data and changing the year/season specification on the General tab to capture independent max/min volumes.

--- Preliminary Results ---


<< Skew Weighting >>
-----------------------------------------------------------------
Based on 83 events, mean-square error of station skew =     0.088
Mean-square error of regional skew is undefined.
-----------------------------------------------------------------


<< Frequency Curve >>
Slocan-FLOW-DAY (3-day Min)
-------------------------------------------------------------------
|  Computed    Expected   |   Percent   |    Confidence Limits    |
|    Curve    Probability | Chance Non- |        0.05        0.95 |
|        FLOW, cms        | Exceedance  |        FLOW, cms        |
|-------------------------|-------------|-------------------------|
|      27.681      27.909 |     99.0    |      29.742      26.119 |
|      25.046      25.157 |     95.0    |      26.592      23.835 |
|      23.627      23.696 |     90.0    |      24.927      22.582 |
|      21.910      21.945 |     80.0    |      22.951      21.038 |
|      18.678      18.678 |     50.0    |      19.389      18.001 |
|      15.593      15.559 |     20.0    |      16.232      14.896 |
|      14.068      14.005 |     10.0    |      14.738      13.307 |
|      12.862      12.768 |      5.0    |      13.571      12.043 |
|      11.569      11.427 |      2.0    |      12.325      10.692 |
|      10.748      10.568 |      1.0    |      11.532       9.838 |
|      10.026       9.806 |      0.5    |      10.833       9.092 |
|       9.191       8.919 |      0.2    |      10.019       8.236 |
|-------------------------|-------------|-------------------------|


<< Systematic Statistics >>
Slocan-FLOW-DAY (3-day Min)
----------------------------------------------------------------
|        Log Transform:        |                               |
|          FLOW, cms           |       Number of Events        |
|------------------------------|-------------------------------|
|  Mean                 1.265  |  Historic Events           0  |
|  Standard Dev         0.088  |  High Outliers          0     |
|  Station Skew        -0.435  |  Low Outliers           0     |
|  Regional Skew          ---  |  Zero Events            0     |
|  Weighted Skew          ---  |  Missing Events         0     |
|  Adopted Skew        -0.435  |  Systematic Events        83  |
|------------------------------|-------------------------------|

--- End of Preliminary Results ---




-----------------------
<< High Outlier Test >>
-----------------------
 Based on 83 events, 10 percent outlier test deviate K(N) = 2.953
                       Computed high outlier test value = 33.5914

         0 high outlier(s) identified above test value of 33.5914


----------------------
<< Low Outlier Test >>
----------------------
 Based on 83 events, 10 percent outlier test deviate K(N) = 2.953
                        Computed low outlier test value = 10.0838

          1 low outlier(s) identified below test value of 10.0838


   * * * * * * * * * * * * * * * * * * * * * * * * * * * * * *
   * Note - Collection of historical information and         *
   *        comparison with similar data should be explored, *
   *        if not incorporated in this analysis.            *
   * * * * * * * * * * * * * * * * * * * * * * * * * * * * * *

     Statistics and frequency curve adjusted for 1 low outlier(s)




--- Final Results ---

<< Plotting Positions >>
Slocan-FLOW-DAY (3-day Min)
--------------------------------------------------------------------
|     Events Analyzed       |            Ordered Events            |
|                     FLOW  |       Calendar        FLOW  Weibull  |
| Day Mon Year         cms  |  Rank     Year         cms  Plot Pos |
|---------------------------|--------------------------------------|
|  11 Feb 1933      12.500  |    1      1981      29.467   98.81   |
|  19 Oct 1934      24.633  |    2      1996      27.933   97.62   |
|  24 Dec 1935      18.933  |    3      1951      26.000   96.43   |
|  04 Dec 1936      13.900  |    4      1983      25.933   95.24   |
|  18 Jan 1937       8.500  |    5      1963      25.533   94.05   |
|  27 Feb 1938      18.267  |    6      2015      25.400   92.86   |
|  17 Mar 1939      15.533  |    7      2005      25.267   91.67   |
|  27 Feb 1940      22.000  |    8      1982      24.700   90.48   |
|  27 Feb 1941      18.100  |    9      1934      24.633   89.29   |
|  09 Dec 1942      18.633  |   10      1997      23.933   88.10   |
|  19 Jan 1943      11.867  |   11      1999      23.567   86.90   |
|  16 Mar 1944      13.900  |   12      1998      23.200   85.71   |
|  07 Mar 1945      16.367  |   13      1965      23.000   84.52   |
|  22 Feb 1946      16.733  |   14      1990      22.833   83.33   |
|  17 Jan 1947      17.900  |   15      2013      22.700   82.14   |
|  21 Mar 1948      16.233  |   16      1940      22.000   80.95   |
|  08 Feb 1949      13.467  |   17      1967      21.533   79.76   |
|  05 Mar 1950      17.600  |   18      1961      20.933   78.57   |
|  21 Mar 1951      26.000  |   19      1971      20.900   77.38   |
|  01 Dec 1952      13.267  |   20      1968      20.833   76.19   |
|  01 Jan 1953      14.400  |   21      1984      20.533   75.00   |
|  11 Feb 1954      19.200  |   22      1970      20.300   73.81   |
|  26 Mar 1955      16.967  |   23      2010      20.200   72.62   |
|  17 Mar 1956      17.667  |   24      1960      20.033   71.43   |
|  08 Mar 1957      17.233  |   25      1976      20.000   70.24   |
|  11 Jan 1958      19.667  |   26      2006      19.933   69.05   |
|  18 Mar 1959      18.133  |   27      1986      19.867   67.86   |
|  18 Mar 1960      20.033  |   28      1958      19.667   66.67   |
|  18 Dec 1961      20.933  |   29      1954      19.200   65.48   |
|  16 Mar 1962      17.367  |   30      1966      19.133   64.29   |
|  31 Dec 1963      25.533  |   31      2007      19.100   63.10   |
|  10 Mar 1964      17.200  |   32      2004      19.033   61.90   |
|  26 Feb 1965      23.000  |   33      2011      18.967   60.71   |
|  06 Mar 1966      19.133  |   34      1935      18.933   59.52   |
|  15 Mar 1967      21.533  |   35      2002      18.800   58.33   |
|  31 Dec 1968      20.833  |   36      1991      18.800   57.14   |
|  29 Jan 1969      17.267  |   37      2000      18.700   55.95   |
|  05 Mar 1970      20.300  |   38      1942      18.633   54.76   |
|  02 Jan 1971      20.900  |   39      2003      18.433   53.57   |
|  02 Feb 1972      18.000  |   40      1974      18.400   52.38   |
|  24 Feb 1973      17.833  |   41      1938      18.267   51.19   |
|  31 Dec 1974      18.400  |   42      1959      18.133   50.00   |
|  12 Jan 1975      16.733  |   43      2009      18.100   48.81   |
|  17 Mar 1976      20.000  |   44      1941      18.100   47.62   |
|  10 Jan 1977      16.333  |   45      1972      18.000   46.43   |
|  04 Mar 1978      16.000  |   46      1947      17.900   45.24   |
|  07 Feb 1979      16.700  |   47      1973      17.833   44.05   |
|  01 Feb 1980      14.167  |   48      1994      17.800   42.86   |
|  12 Feb 1981      29.467  |   49      1989      17.700   41.67   |
|  11 Feb 1982      24.700  |   50      1956      17.667   40.48   |
|  04 Jan 1983      25.933  |   51      1950      17.600   39.29   |
|  31 Dec 1984      20.533  |   52      1995      17.533   38.10   |
|  11 Mar 1985      15.467  |   53      1962      17.367   36.90   |
|  16 Feb 1986      19.867  |   54      2014      17.267   35.71   |
|  28 Feb 1987      16.867  |   55      1969      17.267   34.52   |
|  03 Feb 1988      15.267  |   56      1957      17.233   33.33   |
|  07 Mar 1989      17.700  |   57      1964      17.200   32.14   |
|  07 Mar 1990      22.833  |   58      2012      17.167   30.95   |
|  31 Dec 1991      18.800  |   59      1955      16.967   29.76   |
|  30 Dec 1992      16.367  |   60      1987      16.867   28.57   |
|  05 Mar 1993      15.200  |   61      1975      16.733   27.38   |
|  19 Dec 1994      17.800  |   62      1946      16.733   26.19   |
|  05 Jan 1995      17.533  |   63      1979      16.700   25.00   |
|  09 Mar 1996      27.933  |   64      1992      16.367   23.81   |
|  06 Mar 1997      23.933  |   65      1945      16.367   22.62   |
|  03 Oct 1998      23.200  |   66      1977      16.333   21.43   |
|  22 Feb 1999      23.567  |   67      1948      16.233   20.24   |
|  14 Dec 2000      18.700  |   68      2008      16.100   19.05   |
|  05 Mar 2001      14.533  |   69      1978      16.000   17.86   |
|  06 Nov 2002      18.800  |   70      1939      15.533   16.67   |
|  10 Mar 2003      18.433  |   71      1985      15.467   15.48   |
|  25 Feb 2004      19.033  |   72      1988      15.267   14.29   |
|  16 Jan 2005      25.267  |   73      1993      15.200   13.10   |
|  03 Nov 2006      19.933  |   74      2001      14.533   11.90   |
|  04 Feb 2007      19.100  |   75      1953      14.400   10.71   |
|  26 Jan 2008      16.100  |   76      1980      14.167    9.52   |
|  13 Mar 2009      18.100  |   77      1944      13.900    8.33   |
|  25 Feb 2010      20.200  |   78      1936      13.900    7.14   |
|  23 Dec 2011      18.967  |   79      1949      13.467    5.95   |
|  21 Feb 2012      17.167  |   80      1952      13.267    4.76   |
|  22 Feb 2013      22.700  |   81      1933      12.500    3.57   |
|  03 Mar 2014      17.267  |   82      1943      11.867    2.38   |
|  28 Oct 2015      25.400  |   83      1937       8.500*   1.19   |
|---------------------------|--------------------------------------|
                                                        * Outlier



<< Skew Weighting >>
-----------------------------------------------------------------
Based on 83 events, mean-square error of station skew =     0.088
Mean-square error of regional skew is undefined.
-----------------------------------------------------------------


<< Frequency Curve >>
Slocan-FLOW-DAY (3-day Min)
-------------------------------------------------------------------
|  Computed    Expected   |   Percent   |    Confidence Limits    |
|    Curve    Probability | Chance Non- |        0.05        0.95 |
|        FLOW, cms        | Exceedance  |        FLOW, cms        |
|-------------------------|-------------|-------------------------|
|      27.681      27.909 |     99.0    |      29.742      26.119 |
|      25.046      25.157 |     95.0    |      26.592      23.835 |
|      23.627      23.696 |     90.0    |      24.927      22.582 |
|      21.910      21.945 |     80.0    |      22.951      21.038 |
|      18.678      18.678 |     50.0    |      19.389      18.001 |
|      15.593      15.559 |     20.0    |      16.232      14.896 |
|      14.068      14.005 |     10.0    |      14.738      13.307 |
|      12.862      12.768 |      5.0    |      13.571      12.043 |
|      11.569      11.427 |      2.0    |      12.325      10.692 |
|      10.748      10.568 |      1.0    |      11.532       9.838 |
|      10.026       9.806 |      0.5    |      10.833       9.092 |
|       9.191       8.919 |      0.2    |      10.019       8.236 |
|-------------------------|-------------|-------------------------|


<< Systematic Statistics >>
Slocan-FLOW-DAY (3-day Min)
----------------------------------------------------------------
|        Log Transform:        |                               |
|          FLOW, cms           |       Number of Events        |
|------------------------------|-------------------------------|
|  Mean                 1.265  |  Historic Events           0  |
|  Standard Dev         0.088  |  High Outliers          0     |
|  Station Skew        -0.435  |  Low Outliers           1     |
|  Regional Skew          ---  |  Zero Events            0     |
|  Weighted Skew          ---  |  Missing Events         0     |
|  Adopted Skew        -0.435  |  Systematic Events        83  |
|------------------------------|-------------------------------|

--- End of Analytical Frequency Curve ---

Note: No ordinates specified for graphical frequency curve




====================================================================
Statistical Analysis of 7-day Minimum values
====================================================================

Note: Data are missing for all or part of 1 years in analysis period.


Warning: 4 events occur in first 12 days of analysis year for 7-day duration.

Suggest reviewing data and changing the year/season specification on the General tab to capture independent max/min volumes.

--- Preliminary Results ---


<< Skew Weighting >>
-----------------------------------------------------------------
Based on 83 events, mean-square error of station skew =     0.084
Mean-square error of regional skew is undefined.
-----------------------------------------------------------------


<< Frequency Curve >>
Slocan-FLOW-DAY (7-day Min)
-------------------------------------------------------------------
|  Computed    Expected   |   Percent   |    Confidence Limits    |
|    Curve    Probability | Chance Non- |        0.05        0.95 |
|        FLOW, cms        | Exceedance  |        FLOW, cms        |
|-------------------------|-------------|-------------------------|
|      28.519      28.775 |     99.0    |      30.706      26.867 |
|      25.617      25.738 |     95.0    |      27.229      24.357 |
|      24.089      24.163 |     90.0    |      25.434      23.010 |
|      22.267      22.305 |     80.0    |      23.336      21.373 |
|      18.911      18.911 |     50.0    |      19.638      18.218 |
|      15.780      15.745 |     20.0    |      16.434      15.066 |
|      14.251      14.189 |     10.0    |      14.936      13.475 |
|      13.051      12.958 |      5.0    |      13.775      12.218 |
|      11.772      11.632 |      2.0    |      12.540      10.880 |
|      10.961      10.784 |      1.0    |      11.757      10.038 |
|      10.251      10.034 |      0.5    |      11.069       9.304 |
|       9.429       9.162 |      0.2    |      10.269       8.461 |
|-------------------------|-------------|-------------------------|


<< Systematic Statistics >>
Slocan-FLOW-DAY (7-day Min)
----------------------------------------------------------------
|        Log Transform:        |                               |
|          FLOW, cms           |       Number of Events        |
|------------------------------|-------------------------------|
|  Mean                 1.271  |  Historic Events           0  |
|  Standard Dev         0.089  |  High Outliers          0     |
|  Station Skew        -0.363  |  Low Outliers           0     |
|  Regional Skew          ---  |  Zero Events            0     |
|  Weighted Skew          ---  |  Missing Events         0     |
|  Adopted Skew        -0.363  |  Systematic Events        83  |
|------------------------------|-------------------------------|

--- End of Preliminary Results ---




-----------------------
<< High Outlier Test >>
-----------------------
 Based on 83 events, 10 percent outlier test deviate K(N) = 2.953
                       Computed high outlier test value = 34.2971

         0 high outlier(s) identified above test value of 34.2971


----------------------
<< Low Outlier Test >>
----------------------
 Based on 83 events, 10 percent outlier test deviate K(N) = 2.953
                        Computed low outlier test value = 10.1708

          1 low outlier(s) identified below test value of 10.1708


   * * * * * * * * * * * * * * * * * * * * * * * * * * * * * *
   * Note - Collection of historical information and         *
   *        comparison with similar data should be explored, *
   *        if not incorporated in this analysis.            *
   * * * * * * * * * * * * * * * * * * * * * * * * * * * * * *

     Statistics and frequency curve adjusted for 1 low outlier(s)




--- Final Results ---

<< Plotting Positions >>
Slocan-FLOW-DAY (7-day Min)
--------------------------------------------------------------------
|     Events Analyzed       |            Ordered Events            |
|                     FLOW  |       Calendar        FLOW  Weibull  |
| Day Mon Year         cms  |  Rank     Year         cms  Plot Pos |
|---------------------------|--------------------------------------|
|  15 Feb 1933      13.614  |    1      1981      30.457   98.81   |
|  20 Oct 1934      25.086  |    2      1996      28.500   97.62   |
|  26 Dec 1935      18.971  |    3      2005      26.743   96.43   |
|  06 Dec 1936      14.086  |    4      1983      26.529   95.24   |
|  28 Jan 1937       8.500  |    5      1951      26.257   94.05   |
|  01 Mar 1938      18.386  |    6      1963      26.086   92.86   |
|  17 Mar 1939      15.643  |    7      2015      25.614   91.67   |
|  28 Feb 1940      22.114  |    8      1934      25.086   90.48   |
|  27 Feb 1941      18.386  |    9      1982      24.786   89.29   |
|  13 Dec 1942      18.671  |   10      1968      24.414   88.10   |
|  22 Jan 1943      12.200  |   11      1997      24.129   86.90   |
|  03 Mar 1944      13.986  |   12      1999      23.786   85.71   |
|  11 Mar 1945      16.486  |   13      1998      23.457   84.52   |
|  23 Feb 1946      16.857  |   14      1965      23.314   83.33   |
|  21 Jan 1947      18.014  |   15      1990      23.000   82.14   |
|  21 Mar 1948      16.400  |   16      2013      22.814   80.95   |
|  10 Feb 1949      13.643  |   17      1940      22.114   79.76   |
|  09 Mar 1950      17.929  |   18      1967      22.000   78.57   |
|  24 Mar 1951      26.257  |   19      1961      21.043   77.38   |
|  02 Dec 1952      13.786  |   20      1971      20.886   76.19   |
|  01 Jan 1953      14.214  |   21      1984      20.857   75.00   |
|  13 Feb 1954      19.514  |   22      2006      20.543   73.81   |
|  29 Mar 1955      17.186  |   23      1970      20.443   72.62   |
|  20 Mar 1956      17.800  |   24      2010      20.386   71.43   |
|  21 Feb 1957      17.400  |   25      1976      20.200   70.24   |
|  15 Jan 1958      19.714  |   26      1960      20.143   69.05   |
|  20 Mar 1959      18.286  |   27      1986      20.000   67.86   |
|  18 Mar 1960      20.143  |   28      1958      19.714   66.67   |
|  22 Dec 1961      21.043  |   29      1966      19.557   65.48   |
|  30 Jan 1962      17.429  |   30      1954      19.514   64.29   |
|  31 Dec 1963      26.086  |   31      2011      19.300   63.10   |
|  11 Mar 1964      17.429  |   32      2004      19.186   61.90   |
|  16 Feb 1965      23.314  |   33      2007      19.171   60.71   |
|  08 Mar 1966      19.557  |   34      1991      19.057   59.52   |
|  15 Mar 1967      22.000  |   35      2002      19.014   58.33   |
|  14 Jan 1968      24.414  |   36      2000      18.971   57.14   |
|  01 Feb 1969      17.586  |   37      1974      18.971   55.95   |
|  10 Mar 1970      20.443  |   38      1935      18.971   54.76   |
|  02 Jan 1971      20.886  |   39      1942      18.671   53.57   |
|  04 Feb 1972      18.086  |   40      2003      18.543   52.38   |
|  25 Feb 1973      18.014  |   41      2009      18.514   51.19   |
|  31 Dec 1974      18.971  |   42      1941      18.386   50.00   |
|  12 Feb 1975      17.057  |   43      1938      18.386   48.81   |
|  10 Mar 1976      20.200  |   44      1959      18.286   47.62   |
|  14 Jan 1977      16.371  |   45      1972      18.086   46.43   |
|  07 Mar 1978      16.243  |   46      1973      18.014   45.24   |
|  07 Feb 1979      16.871  |   47      1947      18.014   44.05   |
|  04 Feb 1980      14.571  |   48      1950      17.929   42.86   |
|  15 Feb 1981      30.457  |   49      1994      17.900   41.67   |
|  12 Feb 1982      24.786  |   50      1989      17.871   40.48   |
|  05 Jan 1983      26.529  |   51      1956      17.800   39.29   |
|  31 Dec 1984      20.857  |   52      1995      17.686   38.10   |
|  14 Mar 1985      15.486  |   53      1969      17.586   36.90   |
|  20 Feb 1986      20.000  |   54      2014      17.500   35.71   |
|  02 Mar 1987      17.029  |   55      1964      17.429   34.52   |
|  05 Feb 1988      15.400  |   56      1962      17.429   33.33   |
|  09 Mar 1989      17.871  |   57      1957      17.400   32.14   |
|  07 Mar 1990      23.000  |   58      2012      17.214   30.95   |
|  31 Dec 1991      19.057  |   59      1955      17.186   29.76   |
|  31 Dec 1992      16.471  |   60      1975      17.057   28.57   |
|  05 Mar 1993      15.329  |   61      1987      17.029   27.38   |
|  20 Dec 1994      17.900  |   62      1979      16.871   26.19   |
|  06 Jan 1995      17.686  |   63      1946      16.857   25.00   |
|  09 Mar 1996      28.500  |   64      2008      16.643   23.81   |
|  07 Mar 1997      24.129  |   65      1945      16.486   22.62   |
|  06 Oct 1998      23.457  |   66      1992      16.471   21.43   |
|  23 Feb 1999      23.786  |   67      1948      16.400   20.24   |
|  19 Dec 2000      18.971  |   68      1977      16.371   19.05   |
|  05 Mar 2001      14.600  |   69      1978      16.243   17.86   |
|  07 Nov 2002      19.014  |   70      1939      15.643   16.67   |
|  11 Mar 2003      18.543  |   71      1985      15.486   15.48   |
|  25 Feb 2004      19.186  |   72      1988      15.400   14.29   |
|  17 Jan 2005      26.743  |   73      1993      15.329   13.10   |
|  03 Nov 2006      20.543  |   74      2001      14.600   11.90   |
|  08 Feb 2007      19.171  |   75      1980      14.571   10.71   |
|  28 Jan 2008      16.643  |   76      1953      14.214    9.52   |
|  17 Mar 2009      18.514  |   77      1936      14.086    8.33   |
|  27 Feb 2010      20.386  |   78      1944      13.986    7.14   |
|  27 Dec 2011      19.300  |   79      1952      13.786    5.95   |
|  21 Feb 2012      17.214  |   80      1949      13.643    4.76   |
|  27 Feb 2013      22.814  |   81      1933      13.614    3.57   |
|  04 Mar 2014      17.500  |   82      1943      12.200    2.38   |
|  29 Oct 2015      25.614  |   83      1937       8.500*   1.19   |
|---------------------------|--------------------------------------|
                                                        * Outlier



<< Skew Weighting >>
-----------------------------------------------------------------
Based on 83 events, mean-square error of station skew =     0.084
Mean-square error of regional skew is undefined.
-----------------------------------------------------------------


<< Frequency Curve >>
Slocan-FLOW-DAY (7-day Min)
-------------------------------------------------------------------
|  Computed    Expected   |   Percent   |    Confidence Limits    |
|    Curve    Probability | Chance Non- |        0.05        0.95 |
|        FLOW, cms        | Exceedance  |        FLOW, cms        |
|-------------------------|-------------|-------------------------|
|      28.519      28.775 |     99.0    |      30.706      26.867 |
|      25.617      25.738 |     95.0    |      27.229      24.357 |
|      24.089      24.163 |     90.0    |      25.434      23.010 |
|      22.267      22.305 |     80.0    |      23.336      21.373 |
|      18.911      18.911 |     50.0    |      19.638      18.218 |
|      15.780      15.745 |     20.0    |      16.434      15.066 |
|      14.251      14.189 |     10.0    |      14.936      13.475 |
|      13.051      12.958 |      5.0    |      13.775      12.218 |
|      11.772      11.632 |      2.0    |      12.540      10.880 |
|      10.961      10.784 |      1.0    |      11.757      10.038 |
|      10.251      10.034 |      0.5    |      11.069       9.304 |
|       9.429       9.162 |      0.2    |      10.269       8.461 |
|-------------------------|-------------|-------------------------|


<< Systematic Statistics >>
Slocan-FLOW-DAY (7-day Min)
----------------------------------------------------------------
|        Log Transform:        |                               |
|          FLOW, cms           |       Number of Events        |
|------------------------------|-------------------------------|
|  Mean                 1.271  |  Historic Events           0  |
|  Standard Dev         0.089  |  High Outliers          0     |
|  Station Skew        -0.363  |  Low Outliers           1     |
|  Regional Skew          ---  |  Zero Events            0     |
|  Weighted Skew          ---  |  Missing Events         0     |
|  Adopted Skew        -0.363  |  Systematic Events        83  |
|------------------------------|-------------------------------|

--- End of Analytical Frequency Curve ---

Note: No ordinates specified for graphical frequency curve




====================================================================
Statistical Analysis of 15-day Minimum values
====================================================================

Note: Data are missing for all or part of 1 years in analysis period.


Warning: 8 events occur in first 20 days of analysis year for 15-day duration.

Suggest reviewing data and changing the year/season specification on the General tab to capture independent max/min volumes.

--- Preliminary Results ---


<< Skew Weighting >>
-----------------------------------------------------------------
Based on 83 events, mean-square error of station skew =     0.081
Mean-square error of regional skew is undefined.
-----------------------------------------------------------------


<< Frequency Curve >>
Slocan-FLOW-DAY (15-day Min)
-------------------------------------------------------------------
|  Computed    Expected   |   Percent   |    Confidence Limits    |
|    Curve    Probability | Chance Non- |        0.05        0.95 |
|        FLOW, cms        | Exceedance  |        FLOW, cms        |
|-------------------------|-------------|-------------------------|
|      29.417      29.694 |     99.0    |      31.710      27.688 |
|      26.310      26.439 |     95.0    |      27.983      25.004 |
|      24.694      24.772 |     90.0    |      26.083      23.581 |
|      22.785      22.825 |     80.0    |      23.884      21.866 |
|      19.311      19.311 |     50.0    |      20.056      18.601 |
|      16.113      16.078 |     20.0    |      16.785      15.380 |
|      14.565      14.502 |     10.0    |      15.268      13.769 |
|      13.354      13.260 |      5.0    |      14.095      12.501 |
|      12.066      11.926 |      2.0    |      12.852      11.155 |
|      11.252      11.075 |      1.0    |      12.066      10.309 |
|      10.540      10.323 |      0.5    |      11.375       9.572 |
|       9.716       9.449 |      0.2    |      10.574       8.728 |
|-------------------------|-------------|-------------------------|


<< Systematic Statistics >>
Slocan-FLOW-DAY (15-day Min)
----------------------------------------------------------------
|        Log Transform:        |                               |
|          FLOW, cms           |       Number of Events        |
|------------------------------|-------------------------------|
|  Mean                 1.281  |  Historic Events           0  |
|  Standard Dev         0.090  |  High Outliers          0     |
|  Station Skew        -0.320  |  Low Outliers           0     |
|  Regional Skew          ---  |  Zero Events            0     |
|  Weighted Skew          ---  |  Missing Events         0     |
|  Adopted Skew        -0.320  |  Systematic Events        83  |
|------------------------------|-------------------------------|

--- End of Preliminary Results ---




-----------------------
<< High Outlier Test >>
-----------------------
 Based on 83 events, 10 percent outlier test deviate K(N) = 2.953
                       Computed high outlier test value = 35.1735

         0 high outlier(s) identified above test value of 35.1735


----------------------
<< Low Outlier Test >>
----------------------
 Based on 83 events, 10 percent outlier test deviate K(N) = 2.953
                        Computed low outlier test value = 10.3714

          1 low outlier(s) identified below test value of 10.3714


   * * * * * * * * * * * * * * * * * * * * * * * * * * * * * *
   * Note - Collection of historical information and         *
   *        comparison with similar data should be explored, *
   *        if not incorporated in this analysis.            *
   * * * * * * * * * * * * * * * * * * * * * * * * * * * * * *

     Statistics and frequency curve adjusted for 1 low outlier(s)




--- Final Results ---

<< Plotting Positions >>
Slocan-FLOW-DAY (15-day Min)
--------------------------------------------------------------------
|     Events Analyzed       |            Ordered Events            |
|                     FLOW  |       Calendar        FLOW  Weibull  |
| Day Mon Year         cms  |  Rank     Year         cms  Plot Pos |
|---------------------------|--------------------------------------|
|  22 Feb 1933      15.873  |    1      1981      31.753   98.81   |
|  20 Oct 1934      25.200  |    2      1996      29.427   97.62   |
|  31 Dec 1935      19.167  |    3      2005      28.740   96.43   |
|  09 Dec 1936      14.393  |    4      1983      27.313   95.24   |
|  05 Feb 1937       8.500  |    5      1963      27.027   94.05   |
|  02 Mar 1938      18.987  |    6      1951      26.787   92.86   |
|  19 Mar 1939      15.773  |    7      2015      26.653   91.67   |
|  01 Mar 1940      22.467  |    8      1982      25.900   90.48   |
|  28 Feb 1941      18.673  |    9      1934      25.200   89.29   |
|  15 Dec 1942      19.153  |   10      1968      24.780   88.10   |
|  29 Jan 1943      12.793  |   11      1999      24.427   86.90   |
|  08 Mar 1944      14.180  |   12      1997      24.360   85.71   |
|  16 Mar 1945      16.833  |   13      1998      23.927   84.52   |
|  24 Feb 1946      17.120  |   14      1965      23.433   83.33   |
|  23 Jan 1947      18.353  |   15      1990      23.300   82.14   |
|  22 Mar 1948      16.607  |   16      2013      22.960   80.95   |
|  16 Feb 1949      13.827  |   17      1940      22.467   79.76   |
|  16 Mar 1950      18.867  |   18      1967      22.293   78.57   |
|  27 Mar 1951      26.787  |   19      1971      21.307   77.38   |
|  06 Dec 1952      14.373  |   20      1961      21.227   76.19   |
|  05 Jan 1953      14.513  |   21      2006      21.187   75.00   |
|  17 Feb 1954      19.973  |   22      1984      21.153   73.81   |
|  29 Mar 1955      17.700  |   23      2010      20.693   72.62   |
|  22 Mar 1956      18.153  |   24      1970      20.607   71.43   |
|  23 Feb 1957      17.520  |   25      1960      20.547   70.24   |
|  15 Jan 1958      20.113  |   26      1976      20.267   69.05   |
|  20 Mar 1959      18.587  |   27      1986      20.233   67.86   |
|  20 Mar 1960      20.547  |   28      1966      20.140   66.67   |
|  24 Dec 1961      21.227  |   29      1958      20.113   65.48   |
|  21 Mar 1962      17.873  |   30      1954      19.973   64.29   |
|  31 Dec 1963      27.027  |   31      2011      19.807   63.10   |
|  13 Mar 1964      17.680  |   32      2002      19.713   61.90   |
|  16 Feb 1965      23.433  |   33      1991      19.560   60.71   |
|  09 Mar 1966      20.140  |   34      2000      19.367   59.52   |
|  16 Mar 1967      22.293  |   35      2004      19.347   58.33   |
|  14 Jan 1968      24.780  |   36      1974      19.260   57.14   |
|  16 Mar 1969      18.493  |   37      2007      19.253   55.95   |
|  15 Mar 1970      20.607  |   38      1935      19.167   54.76   |
|  04 Jan 1971      21.307  |   39      1942      19.153   53.57   |
|  11 Feb 1972      18.267  |   40      2009      19.027   52.38   |
|  25 Feb 1973      18.360  |   41      1938      18.987   51.19   |
|  31 Dec 1974      19.260  |   42      1950      18.867   50.00   |
|  13 Feb 1975      17.267  |   43      2003      18.707   48.81   |
|  18 Mar 1976      20.267  |   44      1941      18.673   47.62   |
|  17 Jan 1977      16.880  |   45      1959      18.587   46.43   |
|  07 Mar 1978      16.580  |   46      1969      18.493   45.24   |
|  11 Feb 1979      17.260  |   47      1989      18.380   44.05   |
|  11 Feb 1980      14.720  |   48      1973      18.360   42.86   |
|  16 Feb 1981      31.753  |   49      1947      18.353   41.67   |
|  14 Feb 1982      25.900  |   50      1972      18.267   40.48   |
|  08 Jan 1983      27.313  |   51      1956      18.153   39.29   |
|  31 Dec 1984      21.153  |   52      2014      18.027   38.10   |
|  15 Mar 1985      15.553  |   53      1994      18.013   36.90   |
|  24 Feb 1986      20.233  |   54      1995      17.887   35.71   |
|  02 Mar 1987      17.527  |   55      1962      17.873   34.52   |
|  06 Feb 1988      15.720  |   56      1955      17.700   33.33   |
|  10 Mar 1989      18.380  |   57      1964      17.680   32.14   |
|  07 Mar 1990      23.300  |   58      2012      17.633   30.95   |
|  31 Dec 1991      19.560  |   59      1987      17.527   29.76   |
|  31 Dec 1992      16.667  |   60      1957      17.520   28.57   |
|  07 Mar 1993      15.353  |   61      2008      17.453   27.38   |
|  28 Dec 1994      18.013  |   62      1975      17.267   26.19   |
|  07 Jan 1995      17.887  |   63      1979      17.260   25.00   |
|  10 Mar 1996      29.427  |   64      1946      17.120   23.81   |
|  16 Mar 1997      24.360  |   65      1977      16.880   22.62   |
|  08 Oct 1998      23.927  |   66      1945      16.833   21.43   |
|  24 Feb 1999      24.427  |   67      1992      16.667   20.24   |
|  25 Dec 2000      19.367  |   68      1948      16.607   19.05   |
|  08 Mar 2001      14.807  |   69      1978      16.580   17.86   |
|  13 Nov 2002      19.713  |   70      1933      15.873   16.67   |
|  11 Mar 2003      18.707  |   71      1939      15.773   15.48   |
|  26 Feb 2004      19.347  |   72      1988      15.720   14.29   |
|  18 Jan 2005      28.740  |   73      1985      15.553   13.10   |
|  04 Nov 2006      21.187  |   74      1993      15.353   11.90   |
|  16 Feb 2007      19.253  |   75      2001      14.807   10.71   |
|  01 Feb 2008      17.453  |   76      1980      14.720    9.52   |
|  21 Mar 2009      19.027  |   77      1953      14.513    8.33   |
|  25 Feb 2010      20.693  |   78      1936      14.393    7.14   |
|  31 Dec 2011      19.807  |   79      1952      14.373    5.95   |
|  22 Feb 2012      17.633  |   80      1944      14.180    4.76   |
|  01 Mar 2013      22.960  |   81      1949      13.827    3.57   |
|  05 Mar 2014      18.027  |   82      1943      12.793    2.38   |
|  30 Oct 2015      26.653  |   83      1937       8.500*   1.19   |
|---------------------------|--------------------------------------|
                                                        * Outlier



<< Skew Weighting >>
-----------------------------------------------------------------
Based on 83 events, mean-square error of station skew =     0.081
Mean-square error of regional skew is undefined.
-----------------------------------------------------------------


<< Frequency Curve >>
Slocan-FLOW-DAY (15-day Min)
-------------------------------------------------------------------
|  Computed    Expected   |   Percent   |    Confidence Limits    |
|    Curve    Probability | Chance Non- |        0.05        0.95 |
|        FLOW, cms        | Exceedance  |        FLOW, cms        |
|-------------------------|-------------|-------------------------|
|      29.417      29.694 |     99.0    |      31.710      27.688 |
|      26.310      26.439 |     95.0    |      27.983      25.004 |
|      24.694      24.772 |     90.0    |      26.083      23.581 |
|      22.785      22.825 |     80.0    |      23.884      21.866 |
|      19.311      19.311 |     50.0    |      20.056      18.601 |
|      16.113      16.078 |     20.0    |      16.785      15.380 |
|      14.565      14.502 |     10.0    |      15.268      13.769 |
|      13.354      13.260 |      5.0    |      14.095      12.501 |
|      12.066      11.926 |      2.0    |      12.852      11.155 |
|      11.252      11.075 |      1.0    |      12.066      10.309 |
|      10.540      10.323 |      0.5    |      11.375       9.572 |
|       9.716       9.449 |      0.2    |      10.574       8.728 |
|-------------------------|-------------|-------------------------|


<< Systematic Statistics >>
Slocan-FLOW-DAY (15-day Min)
----------------------------------------------------------------
|        Log Transform:        |                               |
|          FLOW, cms           |       Number of Events        |
|------------------------------|-------------------------------|
|  Mean                 1.281  |  Historic Events           0  |
|  Standard Dev         0.090  |  High Outliers          0     |
|  Station Skew        -0.320  |  Low Outliers           1     |
|  Regional Skew          ---  |  Zero Events            0     |
|  Weighted Skew          ---  |  Missing Events         0     |
|  Adopted Skew        -0.320  |  Systematic Events        83  |
|------------------------------|-------------------------------|

--- End of Analytical Frequency Curve ---

Note: No ordinates specified for graphical frequency curve




====================================================================
Statistical Analysis of 30-day Minimum values
====================================================================

Note: Data are missing for all or part of 1 years in analysis period.


Warning: 7 events occur in first 35 days of analysis year for 30-day duration.

Suggest reviewing data and changing the year/season specification on the General tab to capture independent max/min volumes.

--- Preliminary Results ---


<< Skew Weighting >>
-----------------------------------------------------------------
Based on 83 events, mean-square error of station skew =     0.069
Mean-square error of regional skew is undefined.
-----------------------------------------------------------------


<< Frequency Curve >>
Slocan-FLOW-DAY (30-day Min)
-------------------------------------------------------------------
|  Computed    Expected   |   Percent   |    Confidence Limits    |
|    Curve    Probability | Chance Non- |        0.05        0.95 |
|        FLOW, cms        | Exceedance  |        FLOW, cms        |
|-------------------------|-------------|-------------------------|
|      32.167      32.555 |     99.0    |      34.932      30.106 |
|      28.044      28.209 |     95.0    |      29.948      26.569 |
|      26.034      26.131 |     90.0    |      27.574      24.807 |
|      23.764      23.811 |     80.0    |      24.951      22.772 |
|      19.886      19.886 |     50.0    |      20.679      19.125 |
|      16.561      16.527 |     20.0    |      17.281      15.776 |
|      15.022      14.961 |     10.0    |      15.770      14.177 |
|      13.845      13.755 |      5.0    |      14.628      12.948 |
|      12.617      12.485 |      2.0    |      13.440      11.667 |
|      11.852      11.687 |      1.0    |      12.699      10.872 |
|      11.187      10.988 |      0.5    |      12.055      10.185 |
|      10.425      10.180 |      0.2    |      11.314       9.402 |
|-------------------------|-------------|-------------------------|


<< Systematic Statistics >>
Slocan-FLOW-DAY (30-day Min)
----------------------------------------------------------------
|        Log Transform:        |                               |
|          FLOW, cms           |       Number of Events        |
|------------------------------|-------------------------------|
|  Mean                 1.297  |  Historic Events           0  |
|  Standard Dev         0.093  |  High Outliers          0     |
|  Station Skew        -0.095  |  Low Outliers           0     |
|  Regional Skew          ---  |  Zero Events            0     |
|  Weighted Skew          ---  |  Missing Events         0     |
|  Adopted Skew        -0.095  |  Systematic Events        83  |
|------------------------------|-------------------------------|

--- End of Preliminary Results ---




-----------------------
<< High Outlier Test >>
-----------------------
 Based on 83 events, 10 percent outlier test deviate K(N) = 2.953
                       Computed high outlier test value = 37.3527

         0 high outlier(s) identified above test value of 37.3527


----------------------
<< Low Outlier Test >>
----------------------
 Based on 83 events, 10 percent outlier test deviate K(N) = 2.953
                        Computed low outlier test value = 10.5157

          1 low outlier(s) identified below test value of 10.5157


   * * * * * * * * * * * * * * * * * * * * * * * * * * * * * *
   * Note - Collection of historical information and         *
   *        comparison with similar data should be explored, *
   *        if not incorporated in this analysis.            *
   * * * * * * * * * * * * * * * * * * * * * * * * * * * * * *

     Statistics and frequency curve adjusted for 1 low outlier(s)




--- Final Results ---

<< Plotting Positions >>
Slocan-FLOW-DAY (30-day Min)
--------------------------------------------------------------------
|     Events Analyzed       |            Ordered Events            |
|                     FLOW  |       Calendar        FLOW  Weibull  |
| Day Mon Year         cms  |  Rank     Year         cms  Plot Pos |
|---------------------------|--------------------------------------|
|  09 Mar 1933      17.653  |    1      1981      34.393   98.81   |
|  31 Oct 1934      26.513  |    2      2005      32.447   97.62   |
|  31 Dec 1935      20.127  |    3      1996      30.947   96.43   |
|  11 Dec 1936      15.070  |    4      1963      29.867   95.24   |
|  09 Feb 1937       8.926  |    5      1983      28.463   94.05   |
|  08 Mar 1938      20.060  |    6      2015      28.413   92.86   |
|  21 Mar 1939      16.157  |    7      1951      28.093   91.67   |
|  03 Mar 1940      23.300  |    8      1982      27.543   90.48   |
|  28 Feb 1941      19.597  |    9      1934      26.513   89.29   |
|  31 Dec 1942      19.373  |   10      1968      25.880   88.10   |
|  12 Feb 1943      13.823  |   11      1999      25.533   86.90   |
|  23 Mar 1944      14.233  |   12      1998      24.917   85.71   |
|  20 Mar 1945      17.433  |   13      1997      24.803   84.52   |
|  01 Mar 1946      17.587  |   14      2013      23.780   83.33   |
|  01 Feb 1947      19.253  |   15      1990      23.780   82.14   |
|  27 Mar 1948      17.127  |   16      1965      23.637   80.95   |
|  22 Feb 1949      14.180  |   17      1940      23.300   79.76   |
|  30 Mar 1950      20.380  |   18      1967      23.150   78.57   |
|  31 Mar 1951      28.093  |   19      1984      22.353   77.38   |
|  27 Dec 1952      14.880  |   20      1961      22.103   76.19   |
|  07 Jan 1953      14.967  |   21      1971      21.647   75.00   |
|  03 Mar 1954      21.537  |   22      2006      21.613   73.81   |
|  30 Mar 1955      18.160  |   23      1954      21.537   72.62   |
|  23 Mar 1956      18.810  |   24      1960      21.527   71.43   |
|  24 Feb 1957      17.960  |   25      1976      21.277   70.24   |
|  18 Feb 1958      20.457  |   26      1986      21.230   69.05   |
|  22 Mar 1959      18.720  |   27      1970      21.210   67.86   |
|  21 Mar 1960      21.527  |   28      1966      20.960   66.67   |
|  31 Dec 1961      22.103  |   29      2011      20.870   65.48   |
|  25 Mar 1962      18.473  |   30      1991      20.803   64.29   |
|  31 Dec 1963      29.867  |   31      2010      20.753   63.10   |
|  25 Mar 1964      18.203  |   32      2002      20.480   61.90   |
|  18 Feb 1965      23.637  |   33      1958      20.457   60.71   |
|  10 Mar 1966      20.960  |   34      1950      20.380   59.52   |
|  22 Mar 1967      23.150  |   35      2000      20.300   58.33   |
|  20 Jan 1968      25.880  |   36      1935      20.127   57.14   |
|  17 Mar 1969      19.290  |   37      1938      20.060   55.95   |
|  15 Mar 1970      21.210  |   38      2004      19.930   54.76   |
|  23 Jan 1971      21.647  |   39      2007      19.617   53.57   |
|  24 Feb 1972      18.693  |   40      1941      19.597   52.38   |
|  28 Feb 1973      18.917  |   41      1974      19.447   51.19   |
|  31 Dec 1974      19.447  |   42      1942      19.373   50.00   |
|  28 Feb 1975      17.777  |   43      2009      19.350   48.81   |
|  21 Mar 1976      21.277  |   44      2003      19.333   47.62   |
|  06 Feb 1977      17.603  |   45      1969      19.290   46.43   |
|  12 Mar 1978      16.863  |   46      1989      19.273   45.24   |
|  28 Feb 1979      17.343  |   47      1947      19.253   44.05   |
|  24 Feb 1980      15.117  |   48      1973      18.917   42.86   |
|  16 Feb 1981      34.393  |   49      1956      18.810   41.67   |
|  14 Feb 1982      27.543  |   50      1959      18.720   40.48   |
|  25 Jan 1983      28.463  |   51      1972      18.693   39.29   |
|  31 Dec 1984      22.353  |   52      1962      18.473   38.10   |
|  16 Mar 1985      15.663  |   53      1994      18.283   36.90   |
|  24 Feb 1986      21.230  |   54      1964      18.203   35.71   |
|  03 Dec 1987      17.763  |   55      1955      18.160   34.52   |
|  10 Feb 1988      15.987  |   56      2014      18.120   33.33   |
|  12 Mar 1989      19.273  |   57      2008      18.083   32.14   |
|  15 Mar 1990      23.780  |   58      2012      18.043   30.95   |
|  31 Dec 1991      20.803  |   59      1995      17.983   29.76   |
|  26 Jan 1992      17.943  |   60      1957      17.960   28.57   |
|  17 Mar 1993      15.510  |   61      1992      17.943   27.38   |
|  31 Dec 1994      18.283  |   62      1975      17.777   26.19   |
|  07 Jan 1995      17.983  |   63      1987      17.763   25.00   |
|  11 Mar 1996      30.947  |   64      1933      17.653   23.81   |
|  09 Mar 1997      24.803  |   65      1977      17.603   22.62   |
|  13 Oct 1998      24.917  |   66      1946      17.587   21.43   |
|  24 Feb 1999      25.533  |   67      1945      17.433   20.24   |
|  31 Dec 2000      20.300  |   68      1979      17.343   19.05   |
|  09 Mar 2001      15.113  |   69      1948      17.127   17.86   |
|  19 Nov 2002      20.480  |   70      1978      16.863   16.67   |
|  12 Mar 2003      19.333  |   71      1939      16.157   15.48   |
|  07 Mar 2004      19.930  |   72      1988      15.987   14.29   |
|  31 Dec 2005      32.447  |   73      1985      15.663   13.10   |
|  04 Nov 2006      21.613  |   74      1993      15.510   11.90   |
|  03 Mar 2007      19.617  |   75      1980      15.117   10.71   |
|  16 Feb 2008      18.083  |   76      2001      15.113    9.52   |
|  20 Mar 2009      19.350  |   77      1936      15.070    8.33   |
|  03 Mar 2010      20.753  |   78      1953      14.967    7.14   |
|  31 Dec 2011      20.870  |   79      1952      14.880    5.95   |
|  05 Mar 2012      18.043  |   80      1944      14.233    4.76   |
|  03 Mar 2013      23.780  |   81      1949      14.180    3.57   |
|  05 Mar 2014      18.120  |   82      1943      13.823    2.38   |
|  13 Nov 2015      28.413  |   83      1937       8.926*   1.19   |
|---------------------------|--------------------------------------|
                                                        * Outlier



<< Skew Weighting >>
-----------------------------------------------------------------
Based on 83 events, mean-square error of station skew =     0.069
Mean-square error of regional skew is undefined.
-----------------------------------------------------------------


<< Frequency Curve >>
Slocan-FLOW-DAY (30-day Min)
-------------------------------------------------------------------
|  Computed    Expected   |   Percent   |    Confidence Limits    |
|    Curve    Probability | Chance Non- |        0.05        0.95 |
|        FLOW, cms        | Exceedance  |        FLOW, cms        |
|-------------------------|-------------|-------------------------|
|      32.167      32.555 |     99.0    |      34.932      30.106 |
|      28.044      28.209 |     95.0    |      29.948      26.569 |
|      26.034      26.131 |     90.0    |      27.574      24.807 |
|      23.764      23.811 |     80.0    |      24.951      22.772 |
|      19.886      19.886 |     50.0    |      20.679      19.125 |
|      16.561      16.527 |     20.0    |      17.281      15.776 |
|      15.022      14.961 |     10.0    |      15.770      14.177 |
|      13.845      13.755 |      5.0    |      14.628      12.948 |
|      12.617      12.485 |      2.0    |      13.440      11.667 |
|      11.852      11.687 |      1.0    |      12.699      10.872 |
|      11.187      10.988 |      0.5    |      12.055      10.185 |
|      10.425      10.180 |      0.2    |      11.314       9.402 |
|-------------------------|-------------|-------------------------|


<< Systematic Statistics >>
Slocan-FLOW-DAY (30-day Min)
----------------------------------------------------------------
|        Log Transform:        |                               |
|          FLOW, cms           |       Number of Events        |
|------------------------------|-------------------------------|
|  Mean                 1.297  |  Historic Events           0  |
|  Standard Dev         0.093  |  High Outliers          0     |
|  Station Skew        -0.095  |  Low Outliers           1     |
|  Regional Skew          ---  |  Zero Events            0     |
|  Weighted Skew          ---  |  Missing Events         0     |
|  Adopted Skew        -0.095  |  Systematic Events        83  |
|------------------------------|-------------------------------|

--- End of Analytical Frequency Curve ---

Note: No ordinates specified for graphical frequency curve

